Component: ARM Compiler 5.06 update 6 (build 750) Tool: armlink [4d35ed]

==============================================================================

Section Cross References

    startup_stm32f103xb.o(RESET) refers to startup_stm32f103xb.o(STACK) for __initial_sp
    startup_stm32f103xb.o(RESET) refers to startup_stm32f103xb.o(.text) for Reset_Handler
    startup_stm32f103xb.o(RESET) refers to stm32f1xx_it.o(i.NMI_Handler) for NMI_Handler
    startup_stm32f103xb.o(RESET) refers to stm32f1xx_it.o(i.HardFault_Handler) for HardFault_Handler
    startup_stm32f103xb.o(RESET) refers to stm32f1xx_it.o(i.MemManage_Handler) for MemManage_Handler
    startup_stm32f103xb.o(RESET) refers to stm32f1xx_it.o(i.BusFault_Handler) for BusFault_Handler
    startup_stm32f103xb.o(RESET) refers to stm32f1xx_it.o(i.UsageFault_Handler) for UsageFault_Handler
    startup_stm32f103xb.o(RESET) refers to stm32f1xx_it.o(i.SVC_Handler) for SVC_Handler
    startup_stm32f103xb.o(RESET) refers to stm32f1xx_it.o(i.DebugMon_Handler) for DebugMon_Handler
    startup_stm32f103xb.o(RESET) refers to stm32f1xx_it.o(i.PendSV_Handler) for PendSV_Handler
    startup_stm32f103xb.o(RESET) refers to stm32f1xx_it.o(i.SysTick_Handler) for SysTick_Handler
    startup_stm32f103xb.o(RESET) refers to stm32f1xx_it.o(i.TIM1_UP_IRQHandler) for TIM1_UP_IRQHandler
    startup_stm32f103xb.o(RESET) refers to stm32f1xx_it.o(i.TIM1_CC_IRQHandler) for TIM1_CC_IRQHandler
    startup_stm32f103xb.o(RESET) refers to stm32f1xx_it.o(i.I2C1_EV_IRQHandler) for I2C1_EV_IRQHandler
    startup_stm32f103xb.o(RESET) refers to stm32f1xx_it.o(i.I2C1_ER_IRQHandler) for I2C1_ER_IRQHandler
    startup_stm32f103xb.o(.text) refers to system_stm32f1xx.o(i.SystemInit) for SystemInit
    startup_stm32f103xb.o(.text) refers to entry.o(.ARM.Collect$$$$00000000) for __main
    main.o(i.Error_Handler) refers to stm32f1xx_hal_gpio.o(i.HAL_GPIO_TogglePin) for HAL_GPIO_TogglePin
    main.o(i.Error_Handler) refers to stm32f1xx_hal.o(i.HAL_Delay) for HAL_Delay
    main.o(i.SystemClock_Config) refers to memseta.o(.text) for __aeabi_memclr4
    main.o(i.SystemClock_Config) refers to stm32f1xx_hal_rcc.o(i.HAL_RCC_OscConfig) for HAL_RCC_OscConfig
    main.o(i.SystemClock_Config) refers to main.o(i.Error_Handler) for Error_Handler
    main.o(i.SystemClock_Config) refers to stm32f1xx_hal_rcc.o(i.HAL_RCC_ClockConfig) for HAL_RCC_ClockConfig
    main.o(i.fputc) refers to stm32f1xx_hal_uart.o(i.HAL_UART_Transmit) for HAL_UART_Transmit
    main.o(i.fputc) refers to usart.o(.bss) for huart1
    main.o(i.getCompareMSHalf) refers to main.o(i.Error_Handler) for Error_Handler
    main.o(i.getCompareMSHalf) refers to main.o(.data) for .data
    main.o(i.getI2CReceiveBuffer) refers to main.o(.bss) for .bss
    main.o(i.getI2CTransmitBuffer) refers to main.o(.data) for .data
    main.o(i.getInstArrayFirstEmptyIndex) refers to main.o(.data) for .data
    main.o(i.getInstArrayFirstIndex) refers to main.o(.data) for .data
    main.o(i.getInstructionArray) refers to main.o(.bss) for .bss
    main.o(i.getInstructionAtIndex) refers to main.o(.bss) for .bss
    main.o(i.getMachineState) refers to main.o(.data) for .data
    main.o(i.getTimerMSHalf) refers to main.o(.data) for .data
    main.o(i.incrementFirstEmptyIndex) refers to main.o(i.Error_Handler) for Error_Handler
    main.o(i.incrementFirstEmptyIndex) refers to main.o(.data) for .data
    main.o(i.incrementFirstIndex) refers to main.o(.data) for .data
    main.o(i.incrementTimerMSHalf) refers to main.o(.data) for .data
    main.o(i.main) refers to stm32f1xx_hal.o(i.HAL_Init) for HAL_Init
    main.o(i.main) refers to main.o(i.SystemClock_Config) for SystemClock_Config
    main.o(i.main) refers to gpio.o(i.MX_GPIO_Init) for MX_GPIO_Init
    main.o(i.main) refers to i2c.o(i.MX_I2C1_Init) for MX_I2C1_Init
    main.o(i.main) refers to usart.o(i.MX_USART1_UART_Init) for MX_USART1_UART_Init
    main.o(i.main) refers to tim.o(i.MX_TIM1_Init) for MX_TIM1_Init
    main.o(i.main) refers to stm32f1xx_hal_cortex.o(i.HAL_NVIC_SetPriority) for HAL_NVIC_SetPriority
    main.o(i.main) refers to stm32f1xx_hal_cortex.o(i.HAL_NVIC_EnableIRQ) for HAL_NVIC_EnableIRQ
    main.o(i.main) refers to stm32f1xx_hal_i2c.o(i.HAL_I2C_EnableListen_IT) for HAL_I2C_EnableListen_IT
    main.o(i.main) refers to main.o(i.Error_Handler) for Error_Handler
    main.o(i.main) refers to submachine.o(i.getMotorById) for getMotorById
    main.o(i.main) refers to memcpya.o(.text) for __aeabi_memcpy4
    main.o(i.main) refers to motor.o(i.initMotorsStepSize) for initMotorsStepSize
    main.o(i.main) refers to main.o(i.setMachineState) for setMachineState
    main.o(i.main) refers to motor.o(i.enableStepperDriver) for enableStepperDriver
    main.o(i.main) refers to main.o(i.getInstructionAtIndex) for getInstructionAtIndex
    main.o(i.main) refers to submachine.o(i.processInstruction) for processInstruction
[...]
    ../clib/microlib/init/entry.s            0x00000000   Number         0  entry7a.o ABSOLUTE
    ../clib/microlib/init/entry.s            0x00000000   Number         0  entry10a.o ABSOLUTE
    ../clib/microlib/init/entry.s            0x00000000   Number         0  entry7b.o ABSOLUTE
    ../clib/microlib/init/entry.s            0x00000000   Number         0  entry5.o ABSOLUTE
    ../clib/microlib/init/entry.s            0x00000000   Number         0  entry2.o ABSOLUTE
    ../clib/microlib/longlong.c              0x00000000   Number         0  llsshr.o ABSOLUTE
    ../clib/microlib/longlong.c              0x00000000   Number         0  llshl.o ABSOLUTE
    ../clib/microlib/longlong.c              0x00000000   Number         0  llushr.o ABSOLUTE
    ../clib/microlib/printf/printf.c         0x00000000   Number         0  printf7.o ABSOLUTE
    ../clib/microlib/printf/printf.c         0x00000000   Number         0  printf6.o ABSOLUTE
    ../clib/microlib/printf/printf.c         0x00000000   Number         0  printf5.o ABSOLUTE
    ../clib/microlib/printf/printf.c         0x00000000   Number         0  printf1.o ABSOLUTE
    ../clib/microlib/printf/printf.c         0x00000000   Number         0  printf3.o ABSOLUTE
    ../clib/microlib/printf/printf.c         0x00000000   Number         0  printf2.o ABSOLUTE
    ../clib/microlib/printf/printf.c         0x00000000   Number         0  printf0.o ABSOLUTE
    ../clib/microlib/printf/printf.c         0x00000000   Number         0  printfb.o ABSOLUTE
    ../clib/microlib/printf/printf.c         0x00000000   Number         0  printfa.o ABSOLUTE
    ../clib/microlib/printf/printf.c         0x00000000   Number         0  printf4.o ABSOLUTE
    ../clib/microlib/printf/printf.c         0x00000000   Number         0  printf8.o ABSOLUTE
    ../clib/microlib/printf/stubs.s          0x00000000   Number         0  stubs.o ABSOLUTE
    ../clib/microlib/stdio/streams.c         0x00000000   Number         0  stdout.o ABSOLUTE
    ../clib/microlib/string/memcpy.c         0x00000000   Number         0  memcpyb.o ABSOLUTE
    ../clib/microlib/string/memcpy.c         0x00000000   Number         0  memcpya.o ABSOLUTE
    ../clib/microlib/string/memset.c         0x00000000   Number         0  memseta.o ABSOLUTE
    ../clib/microlib/string/strcmp.c         0x00000000   Number         0  strcmp.o ABSOLUTE
    ../clib/microlib/string/strlen.c         0x00000000   Number         0  strlen.o ABSOLUTE
    ../clib/microlib/stubs.s                 0x00000000   Number         0  iusefp.o ABSOLUTE
    ../fplib/microlib/fpadd.c                0x00000000   Number         0  dadd.o ABSOLUTE
    ../fplib/microlib/fpdiv.c                0x00000000   Number         0  ddiv.o ABSOLUTE
    ../fplib/microlib/fpepilogue.c           0x00000000   Number         0  depilogue.o ABSOLUTE
    ../fplib/microlib/fpfix.c                0x00000000   Number         0  dfixi.o ABSOLUTE
    ../fplib/microlib/fpfix.c                0x00000000   Number         0  dfixul.o ABSOLUTE
    ../fplib/microlib/fpflt.c                0x00000000   Number         0  dflti.o ABSOLUTE
    ../fplib/microlib/fpmul.c                0x00000000   Number         0  dmul.o ABSOLUTE
    ../fplib/microlib/fprnd.c                0x00000000   Number         0  drnd.o ABSOLUTE
    ../fplib/microlib/fpscalb.c              0x00000000   Number         0  dscalb.o ABSOLUTE
    ../fplib/microlib/fpsqrt.c               0x00000000   Number         0  dsqrt.o ABSOLUTE
    ../mathlib/dunder.c                      0x00000000   Number         0  dunder.o ABSOLUTE
    ../mathlib/fpclassify.c                  0x00000000   Number         0  fpclassify.o ABSOLUTE
    ../mathlib/poly.c                        0x00000000   Number         0  poly.o ABSOLUTE
    ../mathlib/pow.c                         0x00000000   Number         0  pow.o ABSOLUTE
    ../mathlib/pow.c                         0x00000000   Number         0  pow_x.o ABSOLUTE
    ../mathlib/qnan.c                        0x00000000   Number         0  qnan.o ABSOLUTE
    ../mathlib/round.c                       0x00000000   Number         0  round.o ABSOLUTE
    ../mathlib/sqrt.c                        0x00000000   Number         0  sqrt_x.o ABSOLUTE
    ../mathlib/sqrt.c                        0x00000000   Number         0  sqrt.o ABSOLUTE
    ..\Drivers\STM32F1xx_HAL_Driver\Src\stm32f1xx_hal.c 0x00000000   Number         0  stm32f1xx_hal.o ABSOLUTE
    ..\Drivers\STM32F1xx_HAL_Driver\Src\stm32f1xx_hal_cortex.c 0x00000000   Number         0  stm32f1xx_hal_cortex.o ABSOLUTE
    ..\Drivers\STM32F1xx_HAL_Driver\Src\stm32f1xx_hal_dma.c 0x00000000   Number         0  stm32f1xx_hal_dma.o ABSOLUTE
    ..\Drivers\STM32F1xx_HAL_Driver\Src\stm32f1xx_hal_flash.c 0x00000000   Number         0  stm32f1xx_hal_flash.o ABSOLUTE
    ..\Drivers\STM32F1xx_HAL_Driver\Src\stm32f1xx_hal_flash_ex.c 0x00000000   Number         0  stm32f1xx_hal_flash_ex.o ABSOLUTE
    ..\Drivers\STM32F1xx_HAL_Driver\Src\stm32f1xx_hal_gpio.c 0x00000000   Number         0  stm32f1xx_hal_gpio.o ABSOLUTE
    ..\Drivers\STM32F1xx_HAL_Driver\Src\stm32f1xx_hal_gpio_ex.c 0x00000000   Number         0  stm32f1xx_hal_gpio_ex.o ABSOLUTE
    ..\Drivers\STM32F1xx_HAL_Driver\Src\stm32f1xx_hal_i2c.c 0x00000000   Number         0  stm32f1xx_hal_i2c.o ABSOLUTE
    ..\Drivers\STM32F1xx_HAL_Driver\Src\stm32f1xx_hal_pwr.c 0x00000000   Number         0  stm32f1xx_hal_pwr.o ABSOLUTE
    ..\Drivers\STM32F1xx_HAL_Driver\Src\stm32f1xx_hal_rcc.c 0x00000000   Number         0  stm32f1xx_hal_rcc.o ABSOLUTE
    ..\Drivers\STM32F1xx_HAL_Driver\Src\stm32f1xx_hal_rcc_ex.c 0x00000000   Number         0  stm32f1xx_hal_rcc_ex.o ABSOLUTE
    ..\Drivers\STM32F1xx_HAL_Driver\Src\stm32f1xx_hal_tim.c 0x00000000   Number         0  stm32f1xx_hal_tim.o ABSOLUTE
    ..\Drivers\STM32F1xx_HAL_Driver\Src\stm32f1xx_hal_tim_ex.c 0x00000000   Number         0  stm32f1xx_hal_tim_ex.o ABSOLUTE
    ..\Drivers\STM32F1xx_HAL_Driver\Src\stm32f1xx_hal_uart.c 0x00000000   Number         0  stm32f1xx_hal_uart.o ABSOLUTE
    ..\Src\gpio.c                            0x00000000   Number         0  gpio.o ABSOLUTE
    ..\Src\i2c.c                             0x00000000   Number         0  i2c.o ABSOLUTE
    ..\Src\main.c                            0x00000000   Number         0  main.o ABSOLUTE
    ..\Src\motor.c                           0x00000000   Number         0  motor.o ABSOLUTE
    ..\Src\stm32f1xx_hal_msp.c               0x00000000   Number         0  stm32f1xx_hal_msp.o ABSOLUTE
    ..\Src\stm32f1xx_it.c                    0x00000000   Number         0  stm32f1xx_it.o ABSOLUTE
    ..\Src\submachine.c                      0x00000000   Number         0  submachine.o ABSOLUTE
    ..\Src\system_stm32f1xx.c                0x00000000   Number         0  system_stm32f1xx.o ABSOLUTE
    ..\Src\tim.c                             0x00000000   Number         0  tim.o ABSOLUTE
    ..\Src\usart.c                           0x00000000   Number         0  usart.o ABSOLUTE
    ..\\Src\\motor.c                         0x00000000   Number         0  motor.o ABSOLUTE
    ..\\Src\\submachine.c                    0x00000000   Number         0  submachine.o ABSOLUTE
    cdcmple.s                                0x00000000   Number         0  cdcmple.o ABSOLUTE
    cdrcmple.s                               0x00000000   Number         0  cdrcmple.o ABSOLUTE
    dc.s                                     0x00000000   Number         0  dc.o ABSOLUTE
    handlers.s                               0x00000000   Number         0  handlers.o ABSOLUTE
    init.s                                   0x00000000   Number         0  init.o ABSOLUTE
    startup_stm32f103xb.s                    0x00000000   Number         0  startup_stm32f103xb.o ABSOLUTE
    RESET                                    0x08000000   Section      236  startup_stm32f103xb.o(RESET)
    .ARM.Collect$$$$00000000                 0x080000ec   Section        0  entry.o(.ARM.Collect$$$$00000000)
    .ARM.Collect$$$$00000001                 0x080000ec   Section        4  entry2.o(.ARM.Collect$$$$00000001)
    .ARM.Collect$$$$00000004                 0x080000f0   Section        4  entry5.o(.ARM.Collect$$$$00000004)
    .ARM.Collect$$$$00000008                 0x080000f4   Section        0  entry7b.o(.ARM.Collect$$$$00000008)
    .ARM.Collect$$$$0000000A                 0x080000f4   Section        0  entry8b.o(.ARM.Collect$$$$0000000A)
    .ARM.Collect$$$$0000000B                 0x080000f4   Section        8  entry9a.o(.ARM.Collect$$$$0000000B)
    .ARM.Collect$$$$0000000D                 0x080000fc   Section        0  entry10a.o(.ARM.Collect$$$$0000000D)
    .ARM.Collect$$$$0000000F                 0x080000fc   Section        0  entry11a.o(.ARM.Collect$$$$0000000F)
    .ARM.Collect$$$$00002712                 0x080000fc   Section        4  entry2.o(.ARM.Collect$$$$00002712)
    __lit__00000000                          0x080000fc   Data           4  entry2.o(.ARM.Collect$$$$00002712)
    .text                                    0x08000100   Section       36  startup_stm32f103xb.o(.text)
    .text                                    0x08000124   Section        0  llushr.o(.text)
    .text                                    0x08000144   Section        0  memcpya.o(.text)
    .text                                    0x08000168   Section        0  memseta.o(.text)
    .text                                    0x0800018c   Section        0  strcmp.o(.text)
    .text                                    0x080001a8   Section        0  dadd.o(.text)
    .text                                    0x080002f6   Section        0  dmul.o(.text)
    .text                                    0x080003da   Section        0  ddiv.o(.text)
    .text                                    0x080004b8   Section        0  dscalb.o(.text)
    .text                                    0x080004e6   Section        0  dflti.o(.text)
    .text                                    0x08000508   Section        0  dfixi.o(.text)
    .text                                    0x08000548   Section       48  cdrcmple.o(.text)
    .text                                    0x08000578   Section        0  llshl.o(.text)
    .text                                    0x08000596   Section        0  llsshr.o(.text)
    .text                                    0x080005ba   Section        0  depilogue.o(.text)
    .text                                    0x080005ba   Section        0  iusefp.o(.text)
    .text                                    0x08000674   Section       36  init.o(.text)
    .text                                    0x08000698   Section        0  dsqrt.o(.text)
    .text                                    0x0800073a   Section        0  __dczerorl2.o(.text)
    i.BusFault_Handler                       0x08000790   Section        0  stm32f1xx_it.o(i.BusFault_Handler)
    i.DebugMon_Handler                       0x08000792   Section        0  stm32f1xx_it.o(i.DebugMon_Handler)
    i.Error_Handler                          0x08000794   Section        0  main.o(i.Error_Handler)
    i.Flush_Buffer                           0x080007b0   Section        0  main.o(i.Flush_Buffer)
    i.HAL_DMA_Abort_IT                       0x080007c0   Section        0  stm32f1xx_hal_dma.o(i.HAL_DMA_Abort_IT)
    i.HAL_Delay                              0x08000858   Section        0  stm32f1xx_hal.o(i.HAL_Delay)
    i.HAL_GPIO_Init                          0x0800087c   Section        0  stm32f1xx_hal_gpio.o(i.HAL_GPIO_Init)
    i.HAL_GPIO_ReadPin                       0x08000a44   Section        0  stm32f1xx_hal_gpio.o(i.HAL_GPIO_ReadPin)
    i.HAL_GPIO_TogglePin                     0x08000a4e   Section        0  stm32f1xx_hal_gpio.o(i.HAL_GPIO_TogglePin)
    i.HAL_GPIO_WritePin                      0x08000a56   Section        0  stm32f1xx_hal_gpio.o(i.HAL_GPIO_WritePin)
    i.HAL_GetTick                            0x08000a60   Section        0  stm32f1xx_hal.o(i.HAL_GetTick)
    i.HAL_I2C_AbortCpltCallback              0x08000a6c   Section        0  stm32f1xx_hal_i2c.o(i.HAL_I2C_AbortCpltCallback)
    i.HAL_I2C_AddrCallback                   0x08000a70   Section        0  i2c.o(i.HAL_I2C_AddrCallback)
    i.HAL_I2C_ER_IRQHandler                  0x08000ab8   Section        0  stm32f1xx_hal_i2c.o(i.HAL_I2C_ER_IRQHandler)
    i.HAL_I2C_EV_IRQHandler                  0x08000b88   Section        0  stm32f1xx_hal_i2c.o(i.HAL_I2C_EV_IRQHandler)
    i.HAL_I2C_EnableListen_IT                0x08000d40   Section        0  stm32f1xx_hal_i2c.o(i.HAL_I2C_EnableListen_IT)
    i.HAL_I2C_ErrorCallback                  0x08000d7a   Section        0  stm32f1xx_hal_i2c.o(i.HAL_I2C_ErrorCallback)
    i.HAL_I2C_Init                           0x08000d7c   Section        0  stm32f1xx_hal_i2c.o(i.HAL_I2C_Init)
    i.HAL_I2C_ListenCpltCallback             0x08000ebc   Section        0  i2c.o(i.HAL_I2C_ListenCpltCallback)
    i.HAL_I2C_MasterRxCpltCallback           0x08000f50   Section        0  stm32f1xx_hal_i2c.o(i.HAL_I2C_MasterRxCpltCallback)
    i.HAL_I2C_MasterTxCpltCallback           0x08000f52   Section        0  stm32f1xx_hal_i2c.o(i.HAL_I2C_MasterTxCpltCallback)
    i.HAL_I2C_MemRxCpltCallback              0x08000f54   Section        0  stm32f1xx_hal_i2c.o(i.HAL_I2C_MemRxCpltCallback)
    i.HAL_I2C_MemTxCpltCallback              0x08000f56   Section        0  stm32f1xx_hal_i2c.o(i.HAL_I2C_MemTxCpltCallback)
    i.HAL_I2C_MspInit                        0x08000f58   Section        0  i2c.o(i.HAL_I2C_MspInit)
    i.HAL_I2C_SlaveRxCpltCallback            0x08000fc8   Section        0  i2c.o(i.HAL_I2C_SlaveRxCpltCallback)
    i.HAL_I2C_SlaveTxCpltCallback            0x080010dc   Section        0  i2c.o(i.HAL_I2C_SlaveTxCpltCallback)
    i.HAL_I2C_Slave_Sequential_Receive_IT    0x080010ec   Section        0  stm32f1xx_hal_i2c.o(i.HAL_I2C_Slave_Sequential_Receive_IT)
    i.HAL_I2C_Slave_Sequential_Transmit_IT   0x0800115e   Section        0  stm32f1xx_hal_i2c.o(i.HAL_I2C_Slave_Sequential_Transmit_IT)
    i.HAL_IncTick                            0x080011d0   Section        0  stm32f1xx_hal.o(i.HAL_IncTick)
    i.HAL_Init                               0x080011e0   Section        0  stm32f1xx_hal.o(i.HAL_Init)
    i.HAL_InitTick                           0x08001204   Section        0  stm32f1xx_hal.o(i.HAL_InitTick)
    i.HAL_MspInit                            0x08001244   Section        0  stm32f1xx_hal_msp.o(i.HAL_MspInit)
    i.HAL_NVIC_EnableIRQ                     0x08001288   Section        0  stm32f1xx_hal_cortex.o(i.HAL_NVIC_EnableIRQ)
    i.HAL_NVIC_SetPriority                   0x080012a0   Section        0  stm32f1xx_hal_cortex.o(i.HAL_NVIC_SetPriority)
    i.HAL_NVIC_SetPriorityGrouping           0x080012e0   Section        0  stm32f1xx_hal_cortex.o(i.HAL_NVIC_SetPriorityGrouping)
    i.HAL_RCC_ClockConfig                    0x08001304   Section        0  stm32f1xx_hal_rcc.o(i.HAL_RCC_ClockConfig)
    i.HAL_RCC_GetPCLK1Freq                   0x0800146c   Section        0  stm32f1xx_hal_rcc.o(i.HAL_RCC_GetPCLK1Freq)
    i.HAL_RCC_GetPCLK2Freq                   0x0800148c   Section        0  stm32f1xx_hal_rcc.o(i.HAL_RCC_GetPCLK2Freq)
    i.HAL_RCC_GetSysClockFreq                0x080014ac   Section        0  stm32f1xx_hal_rcc.o(i.HAL_RCC_GetSysClockFreq)
    i.HAL_RCC_OscConfig                      0x08001518   Section        0  stm32f1xx_hal_rcc.o(i.HAL_RCC_OscConfig)
    i.HAL_SYSTICK_Config                     0x08001810   Section        0  stm32f1xx_hal_cortex.o(i.HAL_SYSTICK_Config)
    i.HAL_TIMEx_BreakCallback                0x08001838   Section        0  stm32f1xx_hal_tim_ex.o(i.HAL_TIMEx_BreakCallback)
    i.HAL_TIMEx_CommutationCallback          0x0800183a   Section        0  stm32f1xx_hal_tim_ex.o(i.HAL_TIMEx_CommutationCallback)
    i.HAL_TIMEx_ConfigBreakDeadTime          0x0800183c   Section        0  stm32f1xx_hal_tim_ex.o(i.HAL_TIMEx_ConfigBreakDeadTime)
    i.HAL_TIMEx_MasterConfigSynchronization  0x08001896   Section        0  stm32f1xx_hal_tim_ex.o(i.HAL_TIMEx_MasterConfigSynchronization)
    i.HAL_TIM_Base_Init                      0x080018e6   Section        0  stm32f1xx_hal_tim.o(i.HAL_TIM_Base_Init)
    i.HAL_TIM_Base_MspInit                   0x0800191c   Section        0  tim.o(i.HAL_TIM_Base_MspInit)
    i.HAL_TIM_Base_Start_IT                  0x0800195c   Section        0  stm32f1xx_hal_tim.o(i.HAL_TIM_Base_Start_IT)
    i.HAL_TIM_Base_Stop_IT                   0x08001974   Section        0  stm32f1xx_hal_tim.o(i.HAL_TIM_Base_Stop_IT)
    i.HAL_TIM_ConfigClockSource              0x0800199e   Section        0  stm32f1xx_hal_tim.o(i.HAL_TIM_ConfigClockSource)
    i.HAL_TIM_IC_CaptureCallback             0x08001a8e   Section        0  stm32f1xx_hal_tim.o(i.HAL_TIM_IC_CaptureCallback)
    i.HAL_TIM_IRQHandler                     0x08001a90   Section        0  stm32f1xx_hal_tim.o(i.HAL_TIM_IRQHandler)
    i.HAL_TIM_OC_ConfigChannel               0x08001bf6   Section        0  stm32f1xx_hal_tim.o(i.HAL_TIM_OC_ConfigChannel)
    i.HAL_TIM_OC_DelayElapsedCallback        0x08001c4c   Section        0  tim.o(i.HAL_TIM_OC_DelayElapsedCallback)
    i.HAL_TIM_OC_Init                        0x08001d48   Section        0  stm32f1xx_hal_tim.o(i.HAL_TIM_OC_Init)
    i.HAL_TIM_OC_MspInit                     0x08001d7e   Section        0  stm32f1xx_hal_tim.o(i.HAL_TIM_OC_MspInit)
    i.HAL_TIM_OC_Stop                        0x08001d80   Section        0  stm32f1xx_hal_tim.o(i.HAL_TIM_OC_Stop)
    i.HAL_TIM_OC_Stop_IT                     0x08001dcc   Section        0  stm32f1xx_hal_tim.o(i.HAL_TIM_OC_Stop_IT)
    i.HAL_TIM_PWM_PulseFinishedCallback      0x08001e4c   Section        0  stm32f1xx_hal_tim.o(i.HAL_TIM_PWM_PulseFinishedCallback)
    i.HAL_TIM_PeriodElapsedCallback          0x08001e4e   Section        0  tim.o(i.HAL_TIM_PeriodElapsedCallback)
    i.HAL_TIM_TriggerCallback                0x08001e52   Section        0  stm32f1xx_hal_tim.o(i.HAL_TIM_TriggerCallback)
    i.HAL_UART_Init                          0x08001e54   Section        0  stm32f1xx_hal_uart.o(i.HAL_UART_Init)
    i.HAL_UART_MspInit                       0x08001eb8   Section        0  usart.o(i.HAL_UART_MspInit)
    i.HardFault_Handler                      0x08001f28   Section        0  stm32f1xx_it.o(i.HardFault_Handler)
    i.I2C1_ER_IRQHandler                     0x08001f2c   Section        0  stm32f1xx_it.o(i.I2C1_ER_IRQHandler)
    i.I2C1_EV_IRQHandler                     0x08001f38   Section        0  stm32f1xx_it.o(i.I2C1_EV_IRQHandler)
    i.I2C_DMAAbort                           0x08001f44   Section        0  stm32f1xx_hal_i2c.o(i.I2C_DMAAbort)
    I2C_DMAAbort                             0x08001f45   Thumb Code    78  stm32f1xx_hal_i2c.o(i.I2C_DMAAbort)
    i.I2C_ITError                            0x08001f94   Section        0  stm32f1xx_hal_i2c.o(i.I2C_ITError)
    I2C_ITError                              0x08001f95   Thumb Code   284  stm32f1xx_hal_i2c.o(i.I2C_ITError)
    i.I2C_MasterReceive_BTF                  0x080020b8   Section        0  stm32f1xx_hal_i2c.o(i.I2C_MasterReceive_BTF)
    I2C_MasterReceive_BTF                    0x080020b9   Thumb Code   194  stm32f1xx_hal_i2c.o(i.I2C_MasterReceive_BTF)
    i.I2C_MasterReceive_RXNE                 0x08002180   Section        0  stm32f1xx_hal_i2c.o(i.I2C_MasterReceive_RXNE)
    I2C_MasterReceive_RXNE                   0x08002181   Thumb Code   174  stm32f1xx_hal_i2c.o(i.I2C_MasterReceive_RXNE)
    i.I2C_MasterTransmit_BTF                 0x0800222e   Section        0  stm32f1xx_hal_i2c.o(i.I2C_MasterTransmit_BTF)
    I2C_MasterTransmit_BTF                   0x0800222f   Thumb Code   128  stm32f1xx_hal_i2c.o(i.I2C_MasterTransmit_BTF)
    i.I2C_MasterTransmit_TXE                 0x080022ae   Section        0  stm32f1xx_hal_i2c.o(i.I2C_MasterTransmit_TXE)
    I2C_MasterTransmit_TXE                   0x080022af   Thumb Code   262  stm32f1xx_hal_i2c.o(i.I2C_MasterTransmit_TXE)
    i.I2C_Master_ADDR                        0x080023b4   Section        0  stm32f1xx_hal_i2c.o(i.I2C_Master_ADDR)
    I2C_Master_ADDR                          0x080023b5   Thumb Code   282  stm32f1xx_hal_i2c.o(i.I2C_Master_ADDR)
    i.I2C_Master_SB                          0x080024ce   Section        0  stm32f1xx_hal_i2c.o(i.I2C_Master_SB)
    I2C_Master_SB                            0x080024cf   Thumb Code    90  stm32f1xx_hal_i2c.o(i.I2C_Master_SB)
    i.I2C_SlaveReceive_RXNE                  0x08002528   Section        0  stm32f1xx_hal_i2c.o(i.I2C_SlaveReceive_RXNE)
    I2C_SlaveReceive_RXNE                    0x08002529   Thumb Code   134  stm32f1xx_hal_i2c.o(i.I2C_SlaveReceive_RXNE)
    i.I2C_Slave_AF                           0x080025b0   Section        0  stm32f1xx_hal_i2c.o(i.I2C_Slave_AF)
    I2C_Slave_AF                             0x080025b1   Thumb Code   128  stm32f1xx_hal_i2c.o(i.I2C_Slave_AF)
    i.I2C_Slave_STOPF                        0x08002634   Section        0  stm32f1xx_hal_i2c.o(i.I2C_Slave_STOPF)
    I2C_Slave_STOPF                          0x08002635   Thumb Code   214  stm32f1xx_hal_i2c.o(i.I2C_Slave_STOPF)
    i.MX_GPIO_Init                           0x08002710   Section        0  gpio.o(i.MX_GPIO_Init)
    i.MX_I2C1_Init                           0x08002840   Section        0  i2c.o(i.MX_I2C1_Init)
    i.MX_TIM1_Init                           0x08002884   Section        0  tim.o(i.MX_TIM1_Init)
    i.MX_USART1_UART_Init                    0x08002968   Section        0  usart.o(i.MX_USART1_UART_Init)
    i.MemManage_Handler                      0x080029a4   Section        0  stm32f1xx_it.o(i.MemManage_Handler)
    i.NMI_Handler                            0x080029a6   Section        0  stm32f1xx_it.o(i.NMI_Handler)
    i.NVIC_SetPriority                       0x080029a8   Section        0  stm32f1xx_hal_cortex.o(i.NVIC_SetPriority)
    NVIC_SetPriority                         0x080029a9   Thumb Code    32  stm32f1xx_hal_cortex.o(i.NVIC_SetPriority)
    i.PendSV_Handler                         0x080029c8   Section        0  stm32f1xx_it.o(i.PendSV_Handler)
    i.SVC_Handler                            0x080029ca   Section        0  stm32f1xx_it.o(i.SVC_Handler)
    i.SysTick_Handler                        0x080029cc   Section        0  stm32f1xx_it.o(i.SysTick_Handler)
    i.SystemClock_Config                     0x080029d0   Section        0  main.o(i.SystemClock_Config)
    i.SystemInit                             0x08002a28   Section        0  system_stm32f1xx.o(i.SystemInit)
    i.TIM1_CC_IRQHandler                     0x08002a70   Section        0  stm32f1xx_it.o(i.TIM1_CC_IRQHandler)
    i.TIM1_UP_IRQHandler                     0x08002a7c   Section        0  stm32f1xx_it.o(i.TIM1_UP_IRQHandler)
    i.TIM_Base_SetConfig                     0x08002a88   Section        0  stm32f1xx_hal_tim.o(i.TIM_Base_SetConfig)
    i.TIM_CCxChannelCmd                      0x08002af4   Section        0  stm32f1xx_hal_tim.o(i.TIM_CCxChannelCmd)
    i.TIM_ETR_SetConfig                      0x08002b0a   Section        0  stm32f1xx_hal_tim.o(i.TIM_ETR_SetConfig)
    TIM_ETR_SetConfig                        0x08002b0b   Thumb Code    20  stm32f1xx_hal_tim.o(i.TIM_ETR_SetConfig)
    i.TIM_ITRx_SetConfig                     0x08002b1e   Section        0  stm32f1xx_hal_tim.o(i.TIM_ITRx_SetConfig)
    TIM_ITRx_SetConfig                       0x08002b1f   Thumb Code    16  stm32f1xx_hal_tim.o(i.TIM_ITRx_SetConfig)
    i.TIM_OC1_SetConfig                      0x08002b30   Section        0  stm32f1xx_hal_tim.o(i.TIM_OC1_SetConfig)
    TIM_OC1_SetConfig                        0x08002b31   Thumb Code    82  stm32f1xx_hal_tim.o(i.TIM_OC1_SetConfig)
    i.TIM_OC2_SetConfig                      0x08002b88   Section        0  stm32f1xx_hal_tim.o(i.TIM_OC2_SetConfig)
    i.TIM_OC3_SetConfig                      0x08002be4   Section        0  stm32f1xx_hal_tim.o(i.TIM_OC3_SetConfig)
    TIM_OC3_SetConfig                        0x08002be5   Thumb Code    84  stm32f1xx_hal_tim.o(i.TIM_OC3_SetConfig)
    i.TIM_OC4_SetConfig                      0x08002c3c   Section        0  stm32f1xx_hal_tim.o(i.TIM_OC4_SetConfig)
    TIM_OC4_SetConfig                        0x08002c3d   Thumb Code    64  stm32f1xx_hal_tim.o(i.TIM_OC4_SetConfig)
    i.TIM_TI1_ConfigInputStage               0x08002c80   Section        0  stm32f1xx_hal_tim.o(i.TIM_TI1_ConfigInputStage)
    TIM_TI1_ConfigInputStage                 0x08002c81   Thumb Code    34  stm32f1xx_hal_tim.o(i.TIM_TI1_ConfigInputStage)
    i.TIM_TI2_ConfigInputStage               0x08002ca2   Section        0  stm32f1xx_hal_tim.o(i.TIM_TI2_ConfigInputStage)
    TIM_TI2_ConfigInputStage                 0x08002ca3   Thumb Code    36  stm32f1xx_hal_tim.o(i.TIM_TI2_ConfigInputStage)
    i.UART_SetConfig                         0x08002cc8   Section        0  stm32f1xx_hal_uart.o(i.UART_SetConfig)
    UART_SetConfig                           0x08002cc9   Thumb Code   364  stm32f1xx_hal_uart.o(i.UART_SetConfig)
    i.UsageFault_Handler                     0x08002e38   Section        0  stm32f1xx_it.o(i.UsageFault_Handler)
    i.__ARM_fpclassify                       0x08002e3a   Section        0  fpclassify.o(i.__ARM_fpclassify)
    i.__kernel_poly                          0x08002e62   Section        0  poly.o(i.__kernel_poly)
    i.__mathlib_dbl_divzero                  0x08002f0c   Section        0  dunder.o(i.__mathlib_dbl_divzero)
    i.__mathlib_dbl_infnan2                  0x08002f1c   Section        0  dunder.o(i.__mathlib_dbl_infnan2)
    i.__mathlib_dbl_invalid                  0x08002f20   Section        0  dunder.o(i.__mathlib_dbl_invalid)
    i.__mathlib_dbl_overflow                 0x08002f2c   Section        0  dunder.o(i.__mathlib_dbl_overflow)
    i.__mathlib_dbl_underflow                0x08002f3c   Section        0  dunder.o(i.__mathlib_dbl_underflow)
    i.__scatterload_copy                     0x08002f4c   Section       14  handlers.o(i.__scatterload_copy)
    i.__scatterload_null                     0x08002f5a   Section        2  handlers.o(i.__scatterload_null)
    i.__scatterload_zeroinit                 0x08002f5c   Section       14  handlers.o(i.__scatterload_zeroinit)
    i.__set_errno                            0x08002f6c   Section        0  errno.o(i.__set_errno)
    i.calculateDurationSteps                 0x08002f78   Section        0  motor.o(i.calculateDurationSteps)
    i.calculateuSDelay                       0x08002fb4   Section        0  motor.o(i.calculateuSDelay)
    i.enableStepperDriver                    0x08002fc4   Section        0  motor.o(i.enableStepperDriver)
    i.getCompareMSHalf                       0x08003020   Section        0  main.o(i.getCompareMSHalf)
    i.getI2CReceiveBuffer                    0x08003048   Section        0  main.o(i.getI2CReceiveBuffer)
    i.getI2CReceiveSize                      0x08003050   Section        0  main.o(i.getI2CReceiveSize)
    i.getI2CTransmitBuffer                   0x08003054   Section        0  main.o(i.getI2CTransmitBuffer)
    i.getI2CTransmitSize                     0x0800305c   Section        0  main.o(i.getI2CTransmitSize)
    i.getInstArrayFirstEmptyIndex            0x08003060   Section        0  main.o(i.getInstArrayFirstEmptyIndex)
    i.getInstructionAtIndex                  0x0800306c   Section        0  main.o(i.getInstructionAtIndex)
    i.getMachineState                        0x0800307c   Section        0  main.o(i.getMachineState)
    i.getMotorById                           0x08003088   Section        0  submachine.o(i.getMotorById)
    i.getMotorCurrentSpeed                   0x080030a4   Section        0  motor.o(i.getMotorCurrentSpeed)
    i.getMotorCurrentStep                    0x080030ac   Section        0  motor.o(i.getMotorCurrentStep)
    i.getMotorID                             0x080030b2   Section        0  motor.o(i.getMotorID)
    i.getMotoruSDelay                        0x080030b6   Section        0  motor.o(i.getMotoruSDelay)
    i.getStepSizeSelector                    0x080030ba   Section        0  motor.o(i.getStepSizeSelector)
    i.getSudoTimerCounter                    0x080030e6   Section        0  tim.o(i.getSudoTimerCounter)
    i.getTimerMSHalf                         0x08003114   Section        0  main.o(i.getTimerMSHalf)
    i.incrementFirstEmptyIndex               0x08003120   Section        0  main.o(i.incrementFirstEmptyIndex)
    i.incrementFirstIndex                    0x0800313c   Section        0  main.o(i.incrementFirstIndex)
    i.incrementTimerMSHalf                   0x08003154   Section        0  main.o(i.incrementTimerMSHalf)
    i.initMotorsStepSize                     0x08003170   Section        0  motor.o(i.initMotorsStepSize)
    i.isComplete                             0x0800323c   Section        0  submachine.o(i.isComplete)
    i.isLimitSwitchClosed                    0x08003294   Section        0  motor.o(i.isLimitSwitchClosed)
    i.isMotorFinished                        0x080032c0   Section        0  motor.o(i.isMotorFinished)
    i.main                                   0x080032dc   Section        0  main.o(i.main)
    i.pow                                    0x0800345c   Section        0  pow.o(i.pow)
    i.processInstruction                     0x08003e34   Section        0  submachine.o(i.processInstruction)
    i.pulseStepMotorPins                     0x08003ed8   Section        0  motor.o(i.pulseStepMotorPins)
    i.setChannelInterrupt                    0x08003f78   Section        0  tim.o(i.setChannelInterrupt)
    i.setCompareMSHalf                       0x08003fc4   Section        0  main.o(i.setCompareMSHalf)
    i.setI2CTransmitBufferAtIndex            0x08003fe8   Section        0  main.o(i.setI2CTransmitBufferAtIndex)
    i.setInstructionArrayAtIndex             0x08003ff4   Section        0  main.o(i.setInstructionArrayAtIndex)
    i.setLEDColour                           0x08004008   Section        0  main.o(i.setLEDColour)
    i.setMachineState                        0x08004098   Section        0  main.o(i.setMachineState)
    i.setMotorParams                         0x080040f8   Section        0  motor.o(i.setMotorParams)
    i.setSpeedStepsAnduSDelay                0x08004224   Section        0  motor.o(i.setSpeedStepsAnduSDelay)
    i.setSudoCompareRegister                 0x08004268   Section        0  tim.o(i.setSudoCompareRegister)
    i.setSudoTimerCounter                    0x08004294   Section        0  tim.o(i.setSudoTimerCounter)
    i.setTimerMSHalf                         0x080042a0   Section        0  main.o(i.setTimerMSHalf)
    i.sqrt                                   0x080042ac   Section        0  sqrt.o(i.sqrt)
    i.stepMotor                              0x080042f8   Section        0  motor.o(i.stepMotor)
    i.stepperTimerResetAndSetUp              0x080043a4   Section        0  tim.o(i.stepperTimerResetAndSetUp)
    i.updateCompareRegister                  0x08004444   Section        0  tim.o(i.updateCompareRegister)
    .constdata                               0x08004478   Section     1612  submachine.o(.constdata)
    .constdata                               0x08004ac4   Section       16  system_stm32f1xx.o(.constdata)
    .constdata                               0x08004ad4   Section        8  system_stm32f1xx.o(.constdata)
    .constdata                               0x08004ae0   Section      136  pow.o(.constdata)
    bp                                       0x08004ae0   Data          16  pow.o(.constdata)
    dp_h                                     0x08004af0   Data          16  pow.o(.constdata)
    dp_l                                     0x08004b00   Data          16  pow.o(.constdata)
    L                                        0x08004b10   Data          48  pow.o(.constdata)
    P                                        0x08004b40   Data          40  pow.o(.constdata)
    .constdata                               0x08004b68   Section        8  qnan.o(.constdata)
    .data                                    0x20000000   Section      424  main.o(.data)
    .data                                    0x200001a8   Section       12  stm32f1xx_hal.o(.data)
    .data                                    0x200001b4   Section        4  system_stm32f1xx.o(.data)
    .data                                    0x200001b8   Section        4  errno.o(.data)
    _errno                                   0x200001b8   Data           4  errno.o(.data)
    .bss                                     0x200001bc   Section     5644  main.o(.bss)
    .bss                                     0x200017c8   Section       84  i2c.o(.bss)
    .bss                                     0x2000181c   Section       64  tim.o(.bss)
    .bss                                     0x2000185c   Section       64  usart.o(.bss)
    STACK                                    0x200018a0   Section     1024  startup_stm32f103xb.o(STACK)

    Global Symbols

    Symbol Name                              Value     Ov Type        Size  Object(Section)

    BuildAttributes$$THM_ISAv4$P$D$K$B$S$PE$A:L22UL41UL21$X:L11$S22US41US21$IEEE1$IW$USESV6$~STKCKD$USESV7$~SHL$OTIME$ROPI$IEEEX$EBA8$MICROLIB$REQ8$PRES8$EABIv2 0x00000000   Number         0  anon$$obj.o ABSOLUTE
    __ARM_use_no_argv                        0x00000000   Number         0  main.o ABSOLUTE
    _printf_a                                0x00000000   Number         0  stubs.o ABSOLUTE
    _printf_c                                0x00000000   Number         0  stubs.o ABSOLUTE
    _printf_charcount                        0x00000000   Number         0  stubs.o ABSOLUTE
    _printf_d                                0x00000000   Number         0  stubs.o ABSOLUTE
    _printf_e                                0x00000000   Number         0  stubs.o ABSOLUTE
    _printf_f                                0x00000000   Number         0  stubs.o ABSOLUTE
    _printf_flags                            0x00000000   Number         0  stubs.o ABSOLUTE
    _printf_fp_dec                           0x00000000   Number         0  stubs.o ABSOLUTE
    _printf_fp_hex                           0x00000000   Number         0  stubs.o ABSOLUTE
    _printf_g                                0x00000000   Number         0  stubs.o ABSOLUTE
    _printf_i                                0x00000000   Number         0  stubs.o ABSOLUTE
    _printf_int_dec                          0x00000000   Number         0  stubs.o ABSOLUTE
    _printf_l                                0x00000000   Number         0  stubs.o ABSOLUTE
    _printf_lc                               0x00000000   Number         0  stubs.o ABSOLUTE
    _printf_ll                               0x00000000   Number         0  stubs.o ABSOLUTE
    _printf_lld                              0x00000000   Number         0  stubs.o ABSOLUTE
    _printf_lli                              0x00000000   Number         0  stubs.o ABSOLUTE
    _printf_llo                              0x00000000   Number         0  stubs.o ABSOLUTE
    _printf_llu                              0x00000000   Number         0  stubs.o ABSOLUTE
    _printf_llx                              0x00000000   Number         0  stubs.o ABSOLUTE
    _printf_longlong_dec                     0x00000000   Number         0  stubs.o ABSOLUTE
    _printf_longlong_hex                     0x00000000   Number         0  stubs.o ABSOLUTE
    _printf_longlong_oct                     0x00000000   Number         0  stubs.o ABSOLUTE
    _printf_ls                               0x00000000   Number         0  stubs.o ABSOLUTE
    _printf_mbtowc                           0x00000000   Number         0  stubs.o ABSOLUTE
    _printf_n                                0x00000000   Number         0  stubs.o ABSOLUTE
    _printf_o                                0x00000000   Number         0  stubs.o ABSOLUTE
    _printf_p                                0x00000000   Number         0  stubs.o ABSOLUTE
    _printf_percent                          0x00000000   Number         0  stubs.o ABSOLUTE
    _printf_pre_padding                      0x00000000   Number         0  stubs.o ABSOLUTE
    _printf_return_value                     0x00000000   Number         0  stubs.o ABSOLUTE
    _printf_s                                0x00000000   Number         0  stubs.o ABSOLUTE
    _printf_sizespec                         0x00000000   Number         0  stubs.o ABSOLUTE
    _printf_str                              0x00000000   Number         0  stubs.o ABSOLUTE
    _printf_truncate_signed                  0x00000000   Number         0  stubs.o ABSOLUTE
    _printf_truncate_unsigned                0x00000000   Number         0  stubs.o ABSOLUTE
    _printf_u                                0x00000000   Number         0  stubs.o ABSOLUTE
    _printf_wc                               0x00000000   Number         0  stubs.o ABSOLUTE
    _printf_wctomb                           0x00000000   Number         0  stubs.o ABSOLUTE
    _printf_widthprec                        0x00000000   Number         0  stubs.o ABSOLUTE
    _printf_x                                0x00000000   Number         0  stubs.o ABSOLUTE
    __cpp_initialize__aeabi_                  - Undefined Weak Reference
    __cxa_finalize                            - Undefined Weak Reference
    _clock_init                               - Undefined Weak Reference
    _microlib_exit                            - Undefined Weak Reference
    __Vectors_Size                           0x000000ec   Number         0  startup_stm32f103xb.o ABSOLUTE
    __Vectors                                0x08000000   Data           4  startup_stm32f103xb.o(RESET)
    __Vectors_End                            0x080000ec   Data           0  startup_stm32f103xb.o(RESET)
    __main                                   0x080000ed   Thumb Code     0  entry.o(.ARM.Collect$$$$00000000)
    _main_stk                                0x080000ed   Thumb Code     0  entry2.o(.ARM.Collect$$$$00000001)
    _main_scatterload                        0x080000f1   Thumb Code     0  entry5.o(.ARM.Collect$$$$00000004)
    __main_after_scatterload                 0x080000f5   Thumb Code     0  entry5.o(.ARM.Collect$$$$00000004)
    _main_clock                              0x080000f5   Thumb Code     0  entry7b.o(.ARM.Collect$$$$00000008)
    _main_cpp_init                           0x080000f5   Thumb Code     0  entry8b.o(.ARM.Collect$$$$0000000A)
    _main_init                               0x080000f5   Thumb Code     0  entry9a.o(.ARM.Collect$$$$0000000B)
    __rt_final_cpp                           0x080000fd   Thumb Code     0  entry10a.o(.ARM.Collect$$$$0000000D)
    __rt_final_exit                          0x080000fd   Thumb Code     0  entry11a.o(.ARM.Collect$$$$0000000F)
    Reset_Handler                            0x08000101   Thumb Code     8  startup_stm32f103xb.o(.text)
    ADC1_2_IRQHandler                        0x0800011b   Thumb Code     0  startup_stm32f103xb.o(.text)
    CAN1_RX1_IRQHandler                      0x0800011b   Thumb Code     0  startup_stm32f103xb.o(.text)
    CAN1_SCE_IRQHandler                      0x0800011b   Thumb Code     0  startup_stm32f103xb.o(.text)
    DMA1_Channel1_IRQHandler                 0x0800011b   Thumb Code     0  startup_stm32f103xb.o(.text)
    DMA1_Channel2_IRQHandler                 0x0800011b   Thumb Code     0  startup_stm32f103xb.o(.text)
    DMA1_Channel3_IRQHandler                 0x0800011b   Thumb Code     0  startup_stm32f103xb.o(.text)
    DMA1_Channel4_IRQHandler                 0x0800011b   Thumb Code     0  startup_stm32f103xb.o(.text)
    DMA1_Channel5_IRQHandler                 0x0800011b   Thumb Code     0  startup_stm32f103xb.o(.text)
    DMA1_Channel6_IRQHandler                 0x0800011b   Thumb Code     0  startup_stm32f103xb.o(.text)
    DMA1_Channel7_IRQHandler                 0x0800011b   Thumb Code     0  startup_stm32f103xb.o(.text)
    EXTI0_IRQHandler                         0x0800011b   Thumb Code     0  startup_stm32f103xb.o(.text)
    EXTI15_10_IRQHandler                     0x0800011b   Thumb Code     0  startup_stm32f103xb.o(.text)
    EXTI1_IRQHandler                         0x0800011b   Thumb Code     0  startup_stm32f103xb.o(.text)
    EXTI2_IRQHandler                         0x0800011b   Thumb Code     0  startup_stm32f103xb.o(.text)
    EXTI3_IRQHandler                         0x0800011b   Thumb Code     0  startup_stm32f103xb.o(.text)
    EXTI4_IRQHandler                         0x0800011b   Thumb Code     0  startup_stm32f103xb.o(.text)
    EXTI9_5_IRQHandler                       0x0800011b   Thumb Code     0  startup_stm32f103xb.o(.text)
    FLASH_IRQHandler                         0x0800011b   Thumb Code     0  startup_stm32f103xb.o(.text)
    I2C2_ER_IRQHandler                       0x0800011b   Thumb Code     0  startup_stm32f103xb.o(.text)
    I2C2_EV_IRQHandler                       0x0800011b   Thumb Code     0  startup_stm32f103xb.o(.text)
    PVD_IRQHandler                           0x0800011b   Thumb Code     0  startup_stm32f103xb.o(.text)
    RCC_IRQHandler                           0x0800011b   Thumb Code     0  startup_stm32f103xb.o(.text)
    RTC_Alarm_IRQHandler                     0x0800011b   Thumb Code     0  startup_stm32f103xb.o(.text)
    RTC_IRQHandler                           0x0800011b   Thumb Code     0  startup_stm32f103xb.o(.text)
    SPI1_IRQHandler                          0x0800011b   Thumb Code     0  startup_stm32f103xb.o(.text)
    SPI2_IRQHandler                          0x0800011b   Thumb Code     0  startup_stm32f103xb.o(.text)
    TAMPER_IRQHandler                        0x0800011b   Thumb Code     0  startup_stm32f103xb.o(.text)
    TIM1_BRK_IRQHandler                      0x0800011b   Thumb Code     0  startup_stm32f103xb.o(.text)
    TIM1_TRG_COM_IRQHandler                  0x0800011b   Thumb Code     0  startup_stm32f103xb.o(.text)
    TIM2_IRQHandler                          0x0800011b   Thumb Code     0  startup_stm32f103xb.o(.text)
    TIM3_IRQHandler                          0x0800011b   Thumb Code     0  startup_stm32f103xb.o(.text)
    TIM4_IRQHandler                          0x0800011b   Thumb Code     0  startup_stm32f103xb.o(.text)
    USART1_IRQHandler                        0x0800011b   Thumb Code     0  startup_stm32f103xb.o(.text)
    USART2_IRQHandler                        0x0800011b   Thumb Code     0  startup_stm32f103xb.o(.text)
    USART3_IRQHandler                        0x0800011b   Thumb Code     0  startup_stm32f103xb.o(.text)
    USBWakeUp_IRQHandler                     0x0800011b   Thumb Code     0  startup_stm32f103xb.o(.text)
    USB_HP_CAN1_TX_IRQHandler                0x0800011b   Thumb Code     0  startup_stm32f103xb.o(.text)
    USB_LP_CAN1_RX0_IRQHandler               0x0800011b   Thumb Code     0  startup_stm32f103xb.o(.text)
    WWDG_IRQHandler                          0x0800011b   Thumb Code     0  startup_stm32f103xb.o(.text)
    __aeabi_llsr                             0x08000125   Thumb Code    32  llushr.o(.text)
    _ll_ushift_r                             0x08000125   Thumb Code     0  llushr.o(.text)
    __aeabi_memcpy                           0x08000145   Thumb Code    36  memcpya.o(.text)
    __aeabi_memcpy4                          0x08000145   Thumb Code     0  memcpya.o(.text)
    __aeabi_memcpy8                          0x08000145   Thumb Code     0  memcpya.o(.text)
    __aeabi_memset                           0x08000169   Thumb Code    14  memseta.o(.text)
    __aeabi_memset4                          0x08000169   Thumb Code     0  memseta.o(.text)
    __aeabi_memset8                          0x08000169   Thumb Code     0  memseta.o(.text)
    __aeabi_memclr                           0x08000177   Thumb Code     4  memseta.o(.text)
    __aeabi_memclr4                          0x08000177   Thumb Code     0  memseta.o(.text)
    __aeabi_memclr8                          0x08000177   Thumb Code     0  memseta.o(.text)
    _memset$wrapper                          0x0800017b   Thumb Code    18  memseta.o(.text)
    strcmp                                   0x0800018d   Thumb Code    28  strcmp.o(.text)
    __aeabi_dadd                             0x080001a9   Thumb Code   322  dadd.o(.text)
    __aeabi_dsub                             0x080002eb   Thumb Code     6  dadd.o(.text)
    __aeabi_drsub                            0x080002f1   Thumb Code     6  dadd.o(.text)
    __aeabi_dmul                             0x080002f7   Thumb Code   228  dmul.o(.text)
    __aeabi_ddiv                             0x080003db   Thumb Code   222  ddiv.o(.text)
    __ARM_scalbn                             0x080004b9   Thumb Code    46  dscalb.o(.text)
    scalbn                                   0x080004b9   Thumb Code     0  dscalb.o(.text)
    __aeabi_i2d                              0x080004e7   Thumb Code    34  dflti.o(.text)
    __aeabi_d2iz                             0x08000509   Thumb Code    62  dfixi.o(.text)
    __aeabi_cdrcmple                         0x08000549   Thumb Code    48  cdrcmple.o(.text)
    __aeabi_llsl                             0x08000579   Thumb Code    30  llshl.o(.text)
    _ll_shift_l                              0x08000579   Thumb Code     0  llshl.o(.text)
    __aeabi_lasr                             0x08000597   Thumb Code    36  llsshr.o(.text)
    _ll_sshift_r                             0x08000597   Thumb Code     0  llsshr.o(.text)
    __I$use$fp                               0x080005bb   Thumb Code     0  iusefp.o(.text)
    _double_round                            0x080005bb   Thumb Code    30  depilogue.o(.text)
    _double_epilogue                         0x080005d9   Thumb Code   156  depilogue.o(.text)
    __scatterload                            0x08000675   Thumb Code    28  init.o(.text)
    __scatterload_rt2                        0x08000675   Thumb Code     0  init.o(.text)
    _dsqrt                                   0x08000699   Thumb Code   162  dsqrt.o(.text)
    __decompress                             0x0800073b   Thumb Code     0  __dczerorl2.o(.text)
    __decompress1                            0x0800073b   Thumb Code    86  __dczerorl2.o(.text)
    BusFault_Handler                         0x08000791   Thumb Code     2  stm32f1xx_it.o(i.BusFault_Handler)
    DebugMon_Handler                         0x08000793   Thumb Code     2  stm32f1xx_it.o(i.DebugMon_Handler)
    Error_Handler                            0x08000795   Thumb Code    24  main.o(i.Error_Handler)
    Flush_Buffer                             0x080007b1   Thumb Code    16  main.o(i.Flush_Buffer)
    HAL_DMA_Abort_IT                         0x080007c1   Thumb Code   148  stm32f1xx_hal_dma.o(i.HAL_DMA_Abort_IT)
    HAL_Delay                                0x08000859   Thumb Code    32  stm32f1xx_hal.o(i.HAL_Delay)
    HAL_GPIO_Init                            0x0800087d   Thumb Code   422  stm32f1xx_hal_gpio.o(i.HAL_GPIO_Init)
    HAL_GPIO_ReadPin                         0x08000a45   Thumb Code    10  stm32f1xx_hal_gpio.o(i.HAL_GPIO_ReadPin)
    HAL_GPIO_TogglePin                       0x08000a4f   Thumb Code     8  stm32f1xx_hal_gpio.o(i.HAL_GPIO_TogglePin)
    HAL_GPIO_WritePin                        0x08000a57   Thumb Code    10  stm32f1xx_hal_gpio.o(i.HAL_GPIO_WritePin)
    HAL_GetTick                              0x08000a61   Thumb Code     6  stm32f1xx_hal.o(i.HAL_GetTick)
    HAL_I2C_AbortCpltCallback                0x08000a6d   Thumb Code     2  stm32f1xx_hal_i2c.o(i.HAL_I2C_AbortCpltCallback)
    HAL_I2C_AddrCallback                     0x08000a71   Thumb Code    68  i2c.o(i.HAL_I2C_AddrCallback)
    HAL_I2C_ER_IRQHandler                    0x08000ab9   Thumb Code   202  stm32f1xx_hal_i2c.o(i.HAL_I2C_ER_IRQHandler)
    HAL_I2C_EV_IRQHandler                    0x08000b89   Thumb Code   432  stm32f1xx_hal_i2c.o(i.HAL_I2C_EV_IRQHandler)
    HAL_I2C_EnableListen_IT                  0x08000d41   Thumb Code    58  stm32f1xx_hal_i2c.o(i.HAL_I2C_EnableListen_IT)
    HAL_I2C_ErrorCallback                    0x08000d7b   Thumb Code     2  stm32f1xx_hal_i2c.o(i.HAL_I2C_ErrorCallback)
    HAL_I2C_Init                             0x08000d7d   Thumb Code   302  stm32f1xx_hal_i2c.o(i.HAL_I2C_Init)
    HAL_I2C_ListenCpltCallback               0x08000ebd   Thumb Code   144  i2c.o(i.HAL_I2C_ListenCpltCallback)
    HAL_I2C_MasterRxCpltCallback             0x08000f51   Thumb Code     2  stm32f1xx_hal_i2c.o(i.HAL_I2C_MasterRxCpltCallback)
    HAL_I2C_MasterTxCpltCallback             0x08000f53   Thumb Code     2  stm32f1xx_hal_i2c.o(i.HAL_I2C_MasterTxCpltCallback)
    HAL_I2C_MemRxCpltCallback                0x08000f55   Thumb Code     2  stm32f1xx_hal_i2c.o(i.HAL_I2C_MemRxCpltCallback)
    HAL_I2C_MemTxCpltCallback                0x08000f57   Thumb Code     2  stm32f1xx_hal_i2c.o(i.HAL_I2C_MemTxCpltCallback)
    HAL_I2C_MspInit                          0x08000f59   Thumb Code    96  i2c.o(i.HAL_I2C_MspInit)
    HAL_I2C_SlaveRxCpltCallback              0x08000fc9   Thumb Code   268  i2c.o(i.HAL_I2C_SlaveRxCpltCallback)
    HAL_I2C_SlaveTxCpltCallback              0x080010dd   Thumb Code    12  i2c.o(i.HAL_I2C_SlaveTxCpltCallback)
    HAL_I2C_Slave_Sequential_Receive_IT      0x080010ed   Thumb Code   114  stm32f1xx_hal_i2c.o(i.HAL_I2C_Slave_Sequential_Receive_IT)
    HAL_I2C_Slave_Sequential_Transmit_IT     0x0800115f   Thumb Code   114  stm32f1xx_hal_i2c.o(i.HAL_I2C_Slave_Sequential_Transmit_IT)
    HAL_IncTick                              0x080011d1   Thumb Code    12  stm32f1xx_hal.o(i.HAL_IncTick)
    HAL_Init                                 0x080011e1   Thumb Code    32  stm32f1xx_hal.o(i.HAL_Init)
    HAL_InitTick                             0x08001205   Thumb Code    54  stm32f1xx_hal.o(i.HAL_InitTick)
    HAL_MspInit                              0x08001245   Thumb Code    58  stm32f1xx_hal_msp.o(i.HAL_MspInit)
    HAL_NVIC_EnableIRQ                       0x08001289   Thumb Code    22  stm32f1xx_hal_cortex.o(i.HAL_NVIC_EnableIRQ)
    HAL_NVIC_SetPriority                     0x080012a1   Thumb Code    60  stm32f1xx_hal_cortex.o(i.HAL_NVIC_SetPriority)
    HAL_NVIC_SetPriorityGrouping             0x080012e1   Thumb Code    26  stm32f1xx_hal_cortex.o(i.HAL_NVIC_SetPriorityGrouping)
    HAL_RCC_ClockConfig                      0x08001305   Thumb Code   342  stm32f1xx_hal_rcc.o(i.HAL_RCC_ClockConfig)
    HAL_RCC_GetPCLK1Freq                     0x0800146d   Thumb Code    20  stm32f1xx_hal_rcc.o(i.HAL_RCC_GetPCLK1Freq)
    HAL_RCC_GetPCLK2Freq                     0x0800148d   Thumb Code    20  stm32f1xx_hal_rcc.o(i.HAL_RCC_GetPCLK2Freq)
    HAL_RCC_GetSysClockFreq                  0x080014ad   Thumb Code    74  stm32f1xx_hal_rcc.o(i.HAL_RCC_GetSysClockFreq)
    HAL_RCC_OscConfig                        0x08001519   Thumb Code   740  stm32f1xx_hal_rcc.o(i.HAL_RCC_OscConfig)
    HAL_SYSTICK_Config                       0x08001811   Thumb Code    40  stm32f1xx_hal_cortex.o(i.HAL_SYSTICK_Config)
    HAL_TIMEx_BreakCallback                  0x08001839   Thumb Code     2  stm32f1xx_hal_tim_ex.o(i.HAL_TIMEx_BreakCallback)
    HAL_TIMEx_CommutationCallback            0x0800183b   Thumb Code     2  stm32f1xx_hal_tim_ex.o(i.HAL_TIMEx_CommutationCallback)
    HAL_TIMEx_ConfigBreakDeadTime            0x0800183d   Thumb Code    90  stm32f1xx_hal_tim_ex.o(i.HAL_TIMEx_ConfigBreakDeadTime)
    HAL_TIMEx_MasterConfigSynchronization    0x08001897   Thumb Code    80  stm32f1xx_hal_tim_ex.o(i.HAL_TIMEx_MasterConfigSynchronization)
    HAL_TIM_Base_Init                        0x080018e7   Thumb Code    54  stm32f1xx_hal_tim.o(i.HAL_TIM_Base_Init)
    HAL_TIM_Base_MspInit                     0x0800191d   Thumb Code    52  tim.o(i.HAL_TIM_Base_MspInit)
    HAL_TIM_Base_Start_IT                    0x0800195d   Thumb Code    24  stm32f1xx_hal_tim.o(i.HAL_TIM_Base_Start_IT)
    HAL_TIM_Base_Stop_IT                     0x08001975   Thumb Code    42  stm32f1xx_hal_tim.o(i.HAL_TIM_Base_Stop_IT)
    HAL_TIM_ConfigClockSource                0x0800199f   Thumb Code   240  stm32f1xx_hal_tim.o(i.HAL_TIM_ConfigClockSource)
    HAL_TIM_IC_CaptureCallback               0x08001a8f   Thumb Code     2  stm32f1xx_hal_tim.o(i.HAL_TIM_IC_CaptureCallback)
    HAL_TIM_IRQHandler                       0x08001a91   Thumb Code   358  stm32f1xx_hal_tim.o(i.HAL_TIM_IRQHandler)
    HAL_TIM_OC_ConfigChannel                 0x08001bf7   Thumb Code    86  stm32f1xx_hal_tim.o(i.HAL_TIM_OC_ConfigChannel)
    HAL_TIM_OC_DelayElapsedCallback          0x08001c4d   Thumb Code   246  tim.o(i.HAL_TIM_OC_DelayElapsedCallback)
    HAL_TIM_OC_Init                          0x08001d49   Thumb Code    54  stm32f1xx_hal_tim.o(i.HAL_TIM_OC_Init)
    HAL_TIM_OC_MspInit                       0x08001d7f   Thumb Code     2  stm32f1xx_hal_tim.o(i.HAL_TIM_OC_MspInit)
    HAL_TIM_OC_Stop                          0x08001d81   Thumb Code    72  stm32f1xx_hal_tim.o(i.HAL_TIM_OC_Stop)
    HAL_TIM_OC_Stop_IT                       0x08001dcd   Thumb Code   122  stm32f1xx_hal_tim.o(i.HAL_TIM_OC_Stop_IT)
    HAL_TIM_PWM_PulseFinishedCallback        0x08001e4d   Thumb Code     2  stm32f1xx_hal_tim.o(i.HAL_TIM_PWM_PulseFinishedCallback)
    HAL_TIM_PeriodElapsedCallback            0x08001e4f   Thumb Code     4  tim.o(i.HAL_TIM_PeriodElapsedCallback)
    HAL_TIM_TriggerCallback                  0x08001e53   Thumb Code     2  stm32f1xx_hal_tim.o(i.HAL_TIM_TriggerCallback)
    HAL_UART_Init                            0x08001e55   Thumb Code    98  stm32f1xx_hal_uart.o(i.HAL_UART_Init)
    HAL_UART_MspInit                         0x08001eb9   Thumb Code   100  usart.o(i.HAL_UART_MspInit)
    HardFault_Handler                        0x08001f29   Thumb Code     2  stm32f1xx_it.o(i.HardFault_Handler)
    I2C1_ER_IRQHandler                       0x08001f2d   Thumb Code     6  stm32f1xx_it.o(i.I2C1_ER_IRQHandler)
    I2C1_EV_IRQHandler                       0x08001f39   Thumb Code     6  stm32f1xx_it.o(i.I2C1_EV_IRQHandler)
    MX_GPIO_Init                             0x08002711   Thumb Code   288  gpio.o(i.MX_GPIO_Init)
    MX_I2C1_Init                             0x08002841   Thumb Code    54  i2c.o(i.MX_I2C1_Init)
    MX_TIM1_Init                             0x08002885   Thumb Code   218  tim.o(i.MX_TIM1_Init)
    MX_USART1_UART_Init                      0x08002969   Thumb Code    46  usart.o(i.MX_USART1_UART_Init)
    MemManage_Handler                        0x080029a5   Thumb Code     2  stm32f1xx_it.o(i.MemManage_Handler)
    NMI_Handler                              0x080029a7   Thumb Code     2  stm32f1xx_it.o(i.NMI_Handler)
    PendSV_Handler                           0x080029c9   Thumb Code     2  stm32f1xx_it.o(i.PendSV_Handler)
    SVC_Handler                              0x080029cb   Thumb Code     2  stm32f1xx_it.o(i.SVC_Handler)
    SysTick_Handler                          0x080029cd   Thumb Code     4  stm32f1xx_it.o(i.SysTick_Handler)
    SystemClock_Config                       0x080029d1   Thumb Code    88  main.o(i.SystemClock_Config)
    SystemInit                               0x08002a29   Thumb Code    56  system_stm32f1xx.o(i.SystemInit)
    TIM1_CC_IRQHandler                       0x08002a71   Thumb Code     6  stm32f1xx_it.o(i.TIM1_CC_IRQHandler)
    TIM1_UP_IRQHandler                       0x08002a7d   Thumb Code     6  stm32f1xx_it.o(i.TIM1_UP_IRQHandler)
    TIM_Base_SetConfig                       0x08002a89   Thumb Code    94  stm32f1xx_hal_tim.o(i.TIM_Base_SetConfig)
    TIM_CCxChannelCmd                        0x08002af5   Thumb Code    22  stm32f1xx_hal_tim.o(i.TIM_CCxChannelCmd)
    TIM_OC2_SetConfig                        0x08002b89   Thumb Code    86  stm32f1xx_hal_tim.o(i.TIM_OC2_SetConfig)
    UsageFault_Handler                       0x08002e39   Thumb Code     2  stm32f1xx_it.o(i.UsageFault_Handler)
    __ARM_fpclassify                         0x08002e3b   Thumb Code    40  fpclassify.o(i.__ARM_fpclassify)
    __kernel_poly                            0x08002e63   Thumb Code   170  poly.o(i.__kernel_poly)
    __mathlib_dbl_divzero                    0x08002f0d   Thumb Code    12  dunder.o(i.__mathlib_dbl_divzero)
    __mathlib_dbl_infnan2                    0x08002f1d   Thumb Code     4  dunder.o(i.__mathlib_dbl_infnan2)
    __mathlib_dbl_invalid                    0x08002f21   Thumb Code    12  dunder.o(i.__mathlib_dbl_invalid)
    __mathlib_dbl_overflow                   0x08002f2d   Thumb Code    14  dunder.o(i.__mathlib_dbl_overflow)
    __mathlib_dbl_underflow                  0x08002f3d   Thumb Code    10  dunder.o(i.__mathlib_dbl_underflow)
    __scatterload_copy                       0x08002f4d   Thumb Code    14  handlers.o(i.__scatterload_copy)
    __scatterload_null                       0x08002f5b   Thumb Code     2  handlers.o(i.__scatterload_null)
    __scatterload_zeroinit                   0x08002f5d   Thumb Code    14  handlers.o(i.__scatterload_zeroinit)
    __set_errno                              0x08002f6d   Thumb Code     6  errno.o(i.__set_errno)
    calculateDurationSteps                   0x08002f79   Thumb Code    60  motor.o(i.calculateDurationSteps)
    calculateuSDelay                         0x08002fb5   Thumb Code    12  motor.o(i.calculateuSDelay)
    enableStepperDriver                      0x08002fc5   Thumb Code    84  motor.o(i.enableStepperDriver)
    getCompareMSHalf                         0x08003021   Thumb Code    36  main.o(i.getCompareMSHalf)
    getI2CReceiveBuffer                      0x08003049   Thumb Code     4  main.o(i.getI2CReceiveBuffer)
    getI2CReceiveSize                        0x08003051   Thumb Code     4  main.o(i.getI2CReceiveSize)
    getI2CTransmitBuffer                     0x08003055   Thumb Code     4  main.o(i.getI2CTransmitBuffer)
    getI2CTransmitSize                       0x0800305d   Thumb Code     4  main.o(i.getI2CTransmitSize)
    getInstArrayFirstEmptyIndex              0x08003061   Thumb Code     6  main.o(i.getInstArrayFirstEmptyIndex)
    getInstructionAtIndex                    0x0800306d   Thumb Code    12  main.o(i.getInstructionAtIndex)
    getMachineState                          0x0800307d   Thumb Code     6  main.o(i.getMachineState)
    getMotorById                             0x08003089   Thumb Code    28  submachine.o(i.getMotorById)
    getMotorCurrentSpeed                     0x080030a5   Thumb Code     8  motor.o(i.getMotorCurrentSpeed)
    getMotorCurrentStep                      0x080030ad   Thumb Code     6  motor.o(i.getMotorCurrentStep)
    getMotorID                               0x080030b3   Thumb Code     4  motor.o(i.getMotorID)
    getMotoruSDelay                          0x080030b7   Thumb Code     4  motor.o(i.getMotoruSDelay)
    getStepSizeSelector                      0x080030bb   Thumb Code    44  motor.o(i.getStepSizeSelector)
    getSudoTimerCounter                      0x080030e7   Thumb Code    44  tim.o(i.getSudoTimerCounter)
    getTimerMSHalf                           0x08003115   Thumb Code     6  main.o(i.getTimerMSHalf)
    incrementFirstEmptyIndex                 0x08003121   Thumb Code    24  main.o(i.incrementFirstEmptyIndex)
    incrementFirstIndex                      0x0800313d   Thumb Code    20  main.o(i.incrementFirstIndex)
    incrementTimerMSHalf                     0x08003155   Thumb Code    24  main.o(i.incrementTimerMSHalf)
    initMotorsStepSize                       0x08003171   Thumb Code   186  motor.o(i.initMotorsStepSize)
    isComplete                               0x0800323d   Thumb Code    84  submachine.o(i.isComplete)
    isLimitSwitchClosed                      0x08003295   Thumb Code    38  motor.o(i.isLimitSwitchClosed)
    isMotorFinished                          0x080032c1   Thumb Code    26  motor.o(i.isMotorFinished)
    main                                     0x080032dd   Thumb Code   366  main.o(i.main)
    pow                                      0x0800345d   Thumb Code  2512  pow.o(i.pow)
    processInstruction                       0x08003e35   Thumb Code   158  submachine.o(i.processInstruction)
    pulseStepMotorPins                       0x08003ed9   Thumb Code   152  motor.o(i.pulseStepMotorPins)
    setChannelInterrupt                      0x08003f79   Thumb Code    74  tim.o(i.setChannelInterrupt)
    setCompareMSHalf                         0x08003fc5   Thumb Code    30  main.o(i.setCompareMSHalf)
    setI2CTransmitBufferAtIndex              0x08003fe9   Thumb Code     6  main.o(i.setI2CTransmitBufferAtIndex)
    setInstructionArrayAtIndex               0x08003ff5   Thumb Code    14  main.o(i.setInstructionArrayAtIndex)
    setLEDColour                             0x08004009   Thumb Code   118  main.o(i.setLEDColour)
    setMachineState                          0x08004099   Thumb Code    68  main.o(i.setMachineState)
    setMotorParams                           0x080040f9   Thumb Code   286  motor.o(i.setMotorParams)
    setSpeedStepsAnduSDelay                  0x08004225   Thumb Code    64  motor.o(i.setSpeedStepsAnduSDelay)
    setSudoCompareRegister                   0x08004269   Thumb Code    44  tim.o(i.setSudoCompareRegister)
    setSudoTimerCounter                      0x08004295   Thumb Code    12  tim.o(i.setSudoTimerCounter)
    setTimerMSHalf                           0x080042a1   Thumb Code     6  main.o(i.setTimerMSHalf)
    sqrt                                     0x080042ad   Thumb Code    76  sqrt.o(i.sqrt)
    stepMotor                                0x080042f9   Thumb Code   166  motor.o(i.stepMotor)
    stepperTimerResetAndSetUp                0x080043a5   Thumb Code   150  tim.o(i.stepperTimerResetAndSetUp)
    updateCompareRegister                    0x08004445   Thumb Code    46  tim.o(i.updateCompareRegister)
    AHBPrescTable                            0x08004ac4   Data          16  system_stm32f1xx.o(.constdata)
    APBPrescTable                            0x08004ad4   Data           8  system_stm32f1xx.o(.constdata)
    __mathlib_zero                           0x08004b68   Data           8  qnan.o(.constdata)
    Region$$Table$$Base                      0x08004b70   Number         0  anon$$obj.o(Region$$Table)
    Region$$Table$$Limit                     0x08004b90   Number         0  anon$$obj.o(Region$$Table)
    machineState                             0x20000000   Data           1  main.o(.data)
    TransmitBuf                              0x20000001   Data           2  main.o(.data)
    timerMSHalf                              0x20000004   Data           2  main.o(.data)
    compare1MSHalf                           0x20000006   Data           2  main.o(.data)
    compare2MSHalf                           0x20000008   Data           2  main.o(.data)
    compare3MSHalf                           0x2000000a   Data           2  main.o(.data)
    instArrFirstIndex                        0x2000000c   Data           4  main.o(.data)
    instArrFirstEmptyIndex                   0x20000010   Data           4  main.o(.data)
    subMachine                               0x20000018   Data         400  main.o(.data)
    uwTickFreq                               0x200001a8   Data           1  stm32f1xx_hal.o(.data)
    uwTickPrio                               0x200001ac   Data           4  stm32f1xx_hal.o(.data)
    uwTick                                   0x200001b0   Data           4  stm32f1xx_hal.o(.data)
    SystemCoreClock                          0x200001b4   Data           4  system_stm32f1xx.o(.data)
    ReceiveBuf                               0x200001bc   Data          28  main.o(.bss)
    DebugBuffer                              0x200001d8   Data          16  main.o(.bss)
    instructionArray                         0x200001e8   Data        5600  main.o(.bss)
    hi2c1                                    0x200017c8   Data          84  i2c.o(.bss)
    htim1                                    0x2000181c   Data          64  tim.o(.bss)
    huart1                                   0x2000185c   Data          64  usart.o(.bss)
    __initial_sp                             0x20001ca0   Data           0  startup_stm32f103xb.o(STACK)



==============================================================================

Memory Map of the image

  Image Entry point : 0x080000ed

  Load Region LR_IROM1 (Base: 0x08000000, Size: 0x00004d4c, Max: 0x00010000, ABSOLUTE, COMPRESSED[0x00004be4])

    Execution Region ER_IROM1 (Exec base: 0x08000000, Load base: 0x08000000, Size: 0x00004b90, Max: 0x00010000, ABSOLUTE)

    Exec Addr    Load Addr    Size         Type   Attr      Idx    E Section Name        Object

    0x08000000   0x08000000   0x000000ec   Data   RO            3    RESET               startup_stm32f103xb.o
    0x080000ec   0x080000ec   0x00000000   Code   RO         3539  * .ARM.Collect$$$$00000000  mc_w.l(entry.o)
    0x080000ec   0x080000ec   0x00000004   Code   RO         3856    .ARM.Collect$$$$00000001  mc_w.l(entry2.o)
    0x080000f0   0x080000f0   0x00000004   Code   RO         3859    .ARM.Collect$$$$00000004  mc_w.l(entry5.o)
    0x080000f4   0x080000f4   0x00000000   Code   RO         3861    .ARM.Collect$$$$00000008  mc_w.l(entry7b.o)
    0x080000f4   0x080000f4   0x00000000   Code   RO         3863    .ARM.Collect$$$$0000000A  mc_w.l(entry8b.o)
    0x080000f4   0x080000f4   0x00000008   Code   RO         3864    .ARM.Collect$$$$0000000B  mc_w.l(entry9a.o)
    0x080000fc   0x080000fc   0x00000000   Code   RO         3866    .ARM.Collect$$$$0000000D  mc_w.l(entry10a.o)
    0x080000fc   0x080000fc   0x00000000   Code   RO         3868    .ARM.Collect$$$$0000000F  mc_w.l(entry11a.o)
    0x080000fc   0x080000fc   0x00000004   Code   RO         3857    .ARM.Collect$$$$00002712  mc_w.l(entry2.o)
    0x08000100   0x08000100   0x00000024   Code   RO            4    .text               startup_stm32f103xb.o
    0x08000124   0x08000124   0x00000020   Code   RO         3542    .text               mc_w.l(llushr.o)
    0x08000144   0x08000144   0x00000024   Code   RO         3544    .text               mc_w.l(memcpya.o)
    0x08000168   0x08000168   0x00000024   Code   RO         3546    .text               mc_w.l(memseta.o)
    0x0800018c   0x0800018c   0x0000001c   Code   RO         3550    .text               mc_w.l(strcmp.o)
    0x080001a8   0x080001a8   0x0000014e   Code   RO         3815    .text               mf_w.l(dadd.o)
    0x080002f6   0x080002f6   0x000000e4   Code   RO         3817    .text               mf_w.l(dmul.o)
    0x080003da   0x080003da   0x000000de   Code   RO         3819    .text               mf_w.l(ddiv.o)
    0x080004b8   0x080004b8   0x0000002e   Code   RO         3821    .text               mf_w.l(dscalb.o)
    0x080004e6   0x080004e6   0x00000022   Code   RO         3823    .text               mf_w.l(dflti.o)
    0x08000508   0x08000508   0x0000003e   Code   RO         3825    .text               mf_w.l(dfixi.o)
    0x08000546   0x08000546   0x00000002   PAD
    0x08000548   0x08000548   0x00000030   Code   RO         3827    .text               mf_w.l(cdrcmple.o)
    0x08000578   0x08000578   0x0000001e   Code   RO         3875    .text               mc_w.l(llshl.o)
    0x08000596   0x08000596   0x00000024   Code   RO         3877    .text               mc_w.l(llsshr.o)
    0x080005ba   0x080005ba   0x00000000   Code   RO         3886    .text               mc_w.l(iusefp.o)
    0x080005ba   0x080005ba   0x000000ba   Code   RO         3887    .text               mf_w.l(depilogue.o)
    0x08000674   0x08000674   0x00000024   Code   RO         3895    .text               mc_w.l(init.o)
    0x08000698   0x08000698   0x000000a2   Code   RO         3897    .text               mf_w.l(dsqrt.o)
    0x0800073a   0x0800073a   0x00000056   Code   RO         3907    .text               mc_w.l(__dczerorl2.o)
    0x08000790   0x08000790   0x00000002   Code   RO          572    i.BusFault_Handler  stm32f1xx_it.o
    0x08000792   0x08000792   0x00000002   Code   RO          573    i.DebugMon_Handler  stm32f1xx_it.o
    0x08000794   0x08000794   0x0000001c   Code   RO           13    i.Error_Handler     main.o
    0x080007b0   0x080007b0   0x00000010   Code   RO           14    i.Flush_Buffer      main.o
    0x080007c0   0x080007c0   0x00000098   Code   RO         2969    i.HAL_DMA_Abort_IT  stm32f1xx_hal_dma.o
    0x08000858   0x08000858   0x00000024   Code   RO         2608    i.HAL_Delay         stm32f1xx_hal.o
    0x0800087c   0x0800087c   0x000001c8   Code   RO         2904    i.HAL_GPIO_Init     stm32f1xx_hal_gpio.o
    0x08000a44   0x08000a44   0x0000000a   Code   RO         2906    i.HAL_GPIO_ReadPin  stm32f1xx_hal_gpio.o
    0x08000a4e   0x08000a4e   0x00000008   Code   RO         2907    i.HAL_GPIO_TogglePin  stm32f1xx_hal_gpio.o
    0x08000a56   0x08000a56   0x0000000a   Code   RO         2908    i.HAL_GPIO_WritePin  stm32f1xx_hal_gpio.o
    0x08000a60   0x08000a60   0x0000000c   Code   RO         2612    i.HAL_GetTick       stm32f1xx_hal.o
    0x08000a6c   0x08000a6c   0x00000002   Code   RO         1008    i.HAL_I2C_AbortCpltCallback  stm32f1xx_hal_i2c.o
    0x08000a6e   0x08000a6e   0x00000002   PAD
    0x08000a70   0x08000a70   0x00000048   Code   RO          340    i.HAL_I2C_AddrCallback  i2c.o
    0x08000ab8   0x08000ab8   0x000000d0   Code   RO         1012    i.HAL_I2C_ER_IRQHandler  stm32f1xx_hal_i2c.o
    0x08000b88   0x08000b88   0x000001b8   Code   RO         1013    i.HAL_I2C_EV_IRQHandler  stm32f1xx_hal_i2c.o
    0x08000d40   0x08000d40   0x0000003a   Code   RO         1014    i.HAL_I2C_EnableListen_IT  stm32f1xx_hal_i2c.o
    0x08000d7a   0x08000d7a   0x00000002   Code   RO         1015    i.HAL_I2C_ErrorCallback  stm32f1xx_hal_i2c.o
    0x08000d7c   0x08000d7c   0x00000140   Code   RO         1019    i.HAL_I2C_Init      stm32f1xx_hal_i2c.o
    0x08000ebc   0x08000ebc   0x00000094   Code   RO          341    i.HAL_I2C_ListenCpltCallback  i2c.o
    0x08000f50   0x08000f50   0x00000002   Code   RO         1022    i.HAL_I2C_MasterRxCpltCallback  stm32f1xx_hal_i2c.o
    0x08000f52   0x08000f52   0x00000002   Code   RO         1023    i.HAL_I2C_MasterTxCpltCallback  stm32f1xx_hal_i2c.o
    0x08000f54   0x08000f54   0x00000002   Code   RO         1033    i.HAL_I2C_MemRxCpltCallback  stm32f1xx_hal_i2c.o
    0x08000f56   0x08000f56   0x00000002   Code   RO         1034    i.HAL_I2C_MemTxCpltCallback  stm32f1xx_hal_i2c.o
    0x08000f58   0x08000f58   0x00000070   Code   RO          343    i.HAL_I2C_MspInit   i2c.o
    0x08000fc8   0x08000fc8   0x00000114   Code   RO          344    i.HAL_I2C_SlaveRxCpltCallback  i2c.o
    0x080010dc   0x080010dc   0x00000010   Code   RO          345    i.HAL_I2C_SlaveTxCpltCallback  i2c.o
    0x080010ec   0x080010ec   0x00000072   Code   RO         1048    i.HAL_I2C_Slave_Sequential_Receive_IT  stm32f1xx_hal_i2c.o
    0x0800115e   0x0800115e   0x00000072   Code   RO         1049    i.HAL_I2C_Slave_Sequential_Transmit_IT  stm32f1xx_hal_i2c.o
    0x080011d0   0x080011d0   0x00000010   Code   RO         2616    i.HAL_IncTick       stm32f1xx_hal.o
    0x080011e0   0x080011e0   0x00000024   Code   RO         2617    i.HAL_Init          stm32f1xx_hal.o
    0x08001204   0x08001204   0x00000040   Code   RO         2618    i.HAL_InitTick      stm32f1xx_hal.o
    0x08001244   0x08001244   0x00000044   Code   RO          672    i.HAL_MspInit       stm32f1xx_hal_msp.o
    0x08001288   0x08001288   0x00000016   Code   RO         3064    i.HAL_NVIC_EnableIRQ  stm32f1xx_hal_cortex.o
    0x0800129e   0x0800129e   0x00000002   PAD
    0x080012a0   0x080012a0   0x00000040   Code   RO         3070    i.HAL_NVIC_SetPriority  stm32f1xx_hal_cortex.o
    0x080012e0   0x080012e0   0x00000024   Code   RO         3071    i.HAL_NVIC_SetPriorityGrouping  stm32f1xx_hal_cortex.o
    0x08001304   0x08001304   0x00000168   Code   RO         2764    i.HAL_RCC_ClockConfig  stm32f1xx_hal_rcc.o
    0x0800146c   0x0800146c   0x00000020   Code   RO         2771    i.HAL_RCC_GetPCLK1Freq  stm32f1xx_hal_rcc.o
    0x0800148c   0x0800148c   0x00000020   Code   RO         2772    i.HAL_RCC_GetPCLK2Freq  stm32f1xx_hal_rcc.o
    0x080014ac   0x080014ac   0x0000006c   Code   RO         2773    i.HAL_RCC_GetSysClockFreq  stm32f1xx_hal_rcc.o
    0x08001518   0x08001518   0x000002f8   Code   RO         2776    i.HAL_RCC_OscConfig  stm32f1xx_hal_rcc.o
    0x08001810   0x08001810   0x00000028   Code   RO         3075    i.HAL_SYSTICK_Config  stm32f1xx_hal_cortex.o
    0x08001838   0x08001838   0x00000002   Code   RO         2042    i.HAL_TIMEx_BreakCallback  stm32f1xx_hal_tim_ex.o
    0x0800183a   0x0800183a   0x00000002   Code   RO         2043    i.HAL_TIMEx_CommutationCallback  stm32f1xx_hal_tim_ex.o
    0x0800183c   0x0800183c   0x0000005a   Code   RO         2044    i.HAL_TIMEx_ConfigBreakDeadTime  stm32f1xx_hal_tim_ex.o
    0x08001896   0x08001896   0x00000050   Code   RO         2059    i.HAL_TIMEx_MasterConfigSynchronization  stm32f1xx_hal_tim_ex.o
    0x080018e6   0x080018e6   0x00000036   Code   RO         1413    i.HAL_TIM_Base_Init  stm32f1xx_hal_tim.o
    0x0800191c   0x0800191c   0x00000040   Code   RO          412    i.HAL_TIM_Base_MspInit  tim.o
    0x0800195c   0x0800195c   0x00000018   Code   RO         1418    i.HAL_TIM_Base_Start_IT  stm32f1xx_hal_tim.o
    0x08001974   0x08001974   0x0000002a   Code   RO         1421    i.HAL_TIM_Base_Stop_IT  stm32f1xx_hal_tim.o
    0x0800199e   0x0800199e   0x000000f0   Code   RO         1422    i.HAL_TIM_ConfigClockSource  stm32f1xx_hal_tim.o
    0x08001a8e   0x08001a8e   0x00000002   Code   RO         1442    i.HAL_TIM_IC_CaptureCallback  stm32f1xx_hal_tim.o
    0x08001a90   0x08001a90   0x00000166   Code   RO         1455    i.HAL_TIM_IRQHandler  stm32f1xx_hal_tim.o
    0x08001bf6   0x08001bf6   0x00000056   Code   RO         1456    i.HAL_TIM_OC_ConfigChannel  stm32f1xx_hal_tim.o
    0x08001c4c   0x08001c4c   0x000000fc   Code   RO          414    i.HAL_TIM_OC_DelayElapsedCallback  tim.o
    0x08001d48   0x08001d48   0x00000036   Code   RO         1460    i.HAL_TIM_OC_Init   stm32f1xx_hal_tim.o
    0x08001d7e   0x08001d7e   0x00000002   Code   RO         1462    i.HAL_TIM_OC_MspInit  stm32f1xx_hal_tim.o
    0x08001d80   0x08001d80   0x0000004c   Code   RO         1466    i.HAL_TIM_OC_Stop   stm32f1xx_hal_tim.o
    0x08001dcc   0x08001dcc   0x00000080   Code   RO         1468    i.HAL_TIM_OC_Stop_IT  stm32f1xx_hal_tim.o
    0x08001e4c   0x08001e4c   0x00000002   Code   RO         1485    i.HAL_TIM_PWM_PulseFinishedCallback  stm32f1xx_hal_tim.o
    0x08001e4e   0x08001e4e   0x00000004   Code   RO          415    i.HAL_TIM_PeriodElapsedCallback  tim.o
    0x08001e52   0x08001e52   0x00000002   Code   RO         1496    i.HAL_TIM_TriggerCallback  stm32f1xx_hal_tim.o
    0x08001e54   0x08001e54   0x00000062   Code   RO         2300    i.HAL_UART_Init     stm32f1xx_hal_uart.o
    0x08001eb6   0x08001eb6   0x00000002   PAD
    0x08001eb8   0x08001eb8   0x00000070   Code   RO          531    i.HAL_UART_MspInit  usart.o
    0x08001f28   0x08001f28   0x00000002   Code   RO          574    i.HardFault_Handler  stm32f1xx_it.o
    0x08001f2a   0x08001f2a   0x00000002   PAD
    0x08001f2c   0x08001f2c   0x0000000c   Code   RO          575    i.I2C1_ER_IRQHandler  stm32f1xx_it.o
    0x08001f38   0x08001f38   0x0000000c   Code   RO          576    i.I2C1_EV_IRQHandler  stm32f1xx_it.o
    0x08001f44   0x08001f44   0x0000004e   Code   RO         1053    i.I2C_DMAAbort      stm32f1xx_hal_i2c.o
    0x08001f92   0x08001f92   0x00000002   PAD
    0x08001f94   0x08001f94   0x00000124   Code   RO         1056    i.I2C_ITError       stm32f1xx_hal_i2c.o
    0x080020b8   0x080020b8   0x000000c8   Code   RO         1058    i.I2C_MasterReceive_BTF  stm32f1xx_hal_i2c.o
    0x08002180   0x08002180   0x000000ae   Code   RO         1059    i.I2C_MasterReceive_RXNE  stm32f1xx_hal_i2c.o
    0x0800222e   0x0800222e   0x00000080   Code   RO         1062    i.I2C_MasterTransmit_BTF  stm32f1xx_hal_i2c.o
    0x080022ae   0x080022ae   0x00000106   Code   RO         1063    i.I2C_MasterTransmit_TXE  stm32f1xx_hal_i2c.o
    0x080023b4   0x080023b4   0x0000011a   Code   RO         1064    i.I2C_Master_ADDR   stm32f1xx_hal_i2c.o
    0x080024ce   0x080024ce   0x0000005a   Code   RO         1065    i.I2C_Master_SB     stm32f1xx_hal_i2c.o
    0x08002528   0x08002528   0x00000086   Code   RO         1068    i.I2C_SlaveReceive_RXNE  stm32f1xx_hal_i2c.o
    0x080025ae   0x080025ae   0x00000002   PAD
    0x080025b0   0x080025b0   0x00000084   Code   RO         1069    i.I2C_Slave_AF      stm32f1xx_hal_i2c.o
    0x08002634   0x08002634   0x000000dc   Code   RO         1070    i.I2C_Slave_STOPF   stm32f1xx_hal_i2c.o
    0x08002710   0x08002710   0x00000130   Code   RO          312    i.MX_GPIO_Init      gpio.o
    0x08002840   0x08002840   0x00000044   Code   RO          346    i.MX_I2C1_Init      i2c.o
    0x08002884   0x08002884   0x000000e4   Code   RO          416    i.MX_TIM1_Init      tim.o
    0x08002968   0x08002968   0x0000003c   Code   RO          532    i.MX_USART1_UART_Init  usart.o
    0x080029a4   0x080029a4   0x00000002   Code   RO          577    i.MemManage_Handler  stm32f1xx_it.o
    0x080029a6   0x080029a6   0x00000002   Code   RO          578    i.NMI_Handler       stm32f1xx_it.o
    0x080029a8   0x080029a8   0x00000020   Code   RO         3077    i.NVIC_SetPriority  stm32f1xx_hal_cortex.o
    0x080029c8   0x080029c8   0x00000002   Code   RO          579    i.PendSV_Handler    stm32f1xx_it.o
    0x080029ca   0x080029ca   0x00000002   Code   RO          580    i.SVC_Handler       stm32f1xx_it.o
    0x080029cc   0x080029cc   0x00000004   Code   RO          581    i.SysTick_Handler   stm32f1xx_it.o
    0x080029d0   0x080029d0   0x00000058   Code   RO           15    i.SystemClock_Config  main.o
    0x08002a28   0x08002a28   0x00000048   Code   RO         3493    i.SystemInit        system_stm32f1xx.o
    0x08002a70   0x08002a70   0x0000000c   Code   RO          582    i.TIM1_CC_IRQHandler  stm32f1xx_it.o
    0x08002a7c   0x08002a7c   0x0000000c   Code   RO          583    i.TIM1_UP_IRQHandler  stm32f1xx_it.o
    0x08002a88   0x08002a88   0x0000006c   Code   RO         1497    i.TIM_Base_SetConfig  stm32f1xx_hal_tim.o
    0x08002af4   0x08002af4   0x00000016   Code   RO         1498    i.TIM_CCxChannelCmd  stm32f1xx_hal_tim.o
    0x08002b0a   0x08002b0a   0x00000014   Code   RO         1504    i.TIM_ETR_SetConfig  stm32f1xx_hal_tim.o
    0x08002b1e   0x08002b1e   0x00000010   Code   RO         1505    i.TIM_ITRx_SetConfig  stm32f1xx_hal_tim.o
    0x08002b2e   0x08002b2e   0x00000002   PAD
    0x08002b30   0x08002b30   0x00000058   Code   RO         1506    i.TIM_OC1_SetConfig  stm32f1xx_hal_tim.o
    0x08002b88   0x08002b88   0x0000005c   Code   RO         1507    i.TIM_OC2_SetConfig  stm32f1xx_hal_tim.o
    0x08002be4   0x08002be4   0x00000058   Code   RO         1508    i.TIM_OC3_SetConfig  stm32f1xx_hal_tim.o
    0x08002c3c   0x08002c3c   0x00000044   Code   RO         1509    i.TIM_OC4_SetConfig  stm32f1xx_hal_tim.o
    0x08002c80   0x08002c80   0x00000022   Code   RO         1511    i.TIM_TI1_ConfigInputStage  stm32f1xx_hal_tim.o
    0x08002ca2   0x08002ca2   0x00000024   Code   RO         1513    i.TIM_TI2_ConfigInputStage  stm32f1xx_hal_tim.o
    0x08002cc6   0x08002cc6   0x00000002   PAD
    0x08002cc8   0x08002cc8   0x00000170   Code   RO         2326    i.UART_SetConfig    stm32f1xx_hal_uart.o
    0x08002e38   0x08002e38   0x00000002   Code   RO          584    i.UsageFault_Handler  stm32f1xx_it.o
    0x08002e3a   0x08002e3a   0x00000028   Code   RO         3843    i.__ARM_fpclassify  m_ws.l(fpclassify.o)
    0x08002e62   0x08002e62   0x000000aa   Code   RO         3845    i.__kernel_poly     m_ws.l(poly.o)
    0x08002f0c   0x08002f0c   0x00000010   Code   RO         3829    i.__mathlib_dbl_divzero  m_ws.l(dunder.o)
    0x08002f1c   0x08002f1c   0x00000004   Code   RO         3831    i.__mathlib_dbl_infnan2  m_ws.l(dunder.o)
    0x08002f20   0x08002f20   0x0000000c   Code   RO         3832    i.__mathlib_dbl_invalid  m_ws.l(dunder.o)
    0x08002f2c   0x08002f2c   0x0000000e   Code   RO         3833    i.__mathlib_dbl_overflow  m_ws.l(dunder.o)
    0x08002f3a   0x08002f3a   0x00000002   PAD
    0x08002f3c   0x08002f3c   0x00000010   Code   RO         3835    i.__mathlib_dbl_underflow  m_ws.l(dunder.o)
    0x08002f4c   0x08002f4c   0x0000000e   Code   RO         3901    i.__scatterload_copy  mc_w.l(handlers.o)
    0x08002f5a   0x08002f5a   0x00000002   Code   RO         3902    i.__scatterload_null  mc_w.l(handlers.o)
    0x08002f5c   0x08002f5c   0x0000000e   Code   RO         3903    i.__scatterload_zeroinit  mc_w.l(handlers.o)
    0x08002f6a   0x08002f6a   0x00000002   PAD
    0x08002f6c   0x08002f6c   0x0000000c   Code   RO         3881    i.__set_errno       mc_w.l(errno.o)
    0x08002f78   0x08002f78   0x0000003c   Code   RO          697    i.calculateDurationSteps  motor.o
    0x08002fb4   0x08002fb4   0x00000010   Code   RO          699    i.calculateuSDelay  motor.o
    0x08002fc4   0x08002fc4   0x0000005c   Code   RO          700    i.enableStepperDriver  motor.o
    0x08003020   0x08003020   0x00000028   Code   RO           17    i.getCompareMSHalf  main.o
    0x08003048   0x08003048   0x00000008   Code   RO           18    i.getI2CReceiveBuffer  main.o
    0x08003050   0x08003050   0x00000004   Code   RO           19    i.getI2CReceiveSize  main.o
    0x08003054   0x08003054   0x00000008   Code   RO           20    i.getI2CTransmitBuffer  main.o
    0x0800305c   0x0800305c   0x00000004   Code   RO           21    i.getI2CTransmitSize  main.o
    0x08003060   0x08003060   0x0000000c   Code   RO           22    i.getInstArrayFirstEmptyIndex  main.o
    0x0800306c   0x0800306c   0x00000010   Code   RO           25    i.getInstructionAtIndex  main.o
    0x0800307c   0x0800307c   0x0000000c   Code   RO           26    i.getMachineState   main.o
    0x08003088   0x08003088   0x0000001c   Code   RO          888    i.getMotorById      submachine.o
    0x080030a4   0x080030a4   0x00000008   Code   RO          703    i.getMotorCurrentSpeed  motor.o
    0x080030ac   0x080030ac   0x00000006   Code   RO          704    i.getMotorCurrentStep  motor.o
    0x080030b2   0x080030b2   0x00000004   Code   RO          706    i.getMotorID        motor.o
    0x080030b6   0x080030b6   0x00000004   Code   RO          712    i.getMotoruSDelay   motor.o
    0x080030ba   0x080030ba   0x0000002c   Code   RO          713    i.getStepSizeSelector  motor.o
    0x080030e6   0x080030e6   0x0000002c   Code   RO          418    i.getSudoTimerCounter  tim.o
    0x08003112   0x08003112   0x00000002   PAD
    0x08003114   0x08003114   0x0000000c   Code   RO           27    i.getTimerMSHalf    main.o
    0x08003120   0x08003120   0x0000001c   Code   RO           28    i.incrementFirstEmptyIndex  main.o
    0x0800313c   0x0800313c   0x00000018   Code   RO           29    i.incrementFirstIndex  main.o
    0x08003154   0x08003154   0x0000001c   Code   RO           30    i.incrementTimerMSHalf  main.o
    0x08003170   0x08003170   0x000000cc   Code   RO          714    i.initMotorsStepSize  motor.o
    0x0800323c   0x0800323c   0x00000058   Code   RO          894    i.isComplete        submachine.o
    0x08003294   0x08003294   0x0000002c   Code   RO          715    i.isLimitSwitchClosed  motor.o
    0x080032c0   0x080032c0   0x0000001a   Code   RO          716    i.isMotorFinished   motor.o
    0x080032da   0x080032da   0x00000002   PAD
    0x080032dc   0x080032dc   0x00000180   Code   RO           31    i.main              main.o
    0x0800345c   0x0800345c   0x000009d8   Code   RO         3528    i.pow               m_ws.l(pow.o)
    0x08003e34   0x08003e34   0x000000a4   Code   RO          896    i.processInstruction  submachine.o
    0x08003ed8   0x08003ed8   0x000000a0   Code   RO          719    i.pulseStepMotorPins  motor.o
    0x08003f78   0x08003f78   0x0000004a   Code   RO          419    i.setChannelInterrupt  tim.o
    0x08003fc2   0x08003fc2   0x00000002   PAD
    0x08003fc4   0x08003fc4   0x00000024   Code   RO           34    i.setCompareMSHalf  main.o
    0x08003fe8   0x08003fe8   0x0000000c   Code   RO           36    i.setI2CTransmitBufferAtIndex  main.o
    0x08003ff4   0x08003ff4   0x00000014   Code   RO           37    i.setInstructionArrayAtIndex  main.o
    0x08004008   0x08004008   0x00000090   Code   RO           38    i.setLEDColour      main.o
    0x08004098   0x08004098   0x00000060   Code   RO           39    i.setMachineState   main.o
    0x080040f8   0x080040f8   0x0000012c   Code   RO          720    i.setMotorParams    motor.o
    0x08004224   0x08004224   0x00000044   Code   RO          721    i.setSpeedStepsAnduSDelay  motor.o
    0x08004268   0x08004268   0x0000002c   Code   RO          421    i.setSudoCompareRegister  tim.o
    0x08004294   0x08004294   0x0000000c   Code   RO          422    i.setSudoTimerCounter  tim.o
    0x080042a0   0x080042a0   0x0000000c   Code   RO           40    i.setTimerMSHalf    main.o
    0x080042ac   0x080042ac   0x0000004c   Code   RO         3849    i.sqrt              m_ws.l(sqrt.o)
    0x080042f8   0x080042f8   0x000000ac   Code   RO          722    i.stepMotor         motor.o
    0x080043a4   0x080043a4   0x000000a0   Code   RO          424    i.stepperTimerResetAndSetUp  tim.o
    0x08004444   0x08004444   0x0000002e   Code   RO          425    i.updateCompareRegister  tim.o
    0x08004472   0x08004472   0x00000006   PAD
    0x08004478   0x08004478   0x0000064c   Data   RO          898    .constdata          submachine.o
    0x08004ac4   0x08004ac4   0x00000010   Data   RO         3494    .constdata          system_stm32f1xx.o
    0x08004ad4   0x08004ad4   0x00000008   Data   RO         3495    .constdata          system_stm32f1xx.o
    0x08004adc   0x08004adc   0x00000004   PAD
    0x08004ae0   0x08004ae0   0x00000088   Data   RO         3529    .constdata          m_ws.l(pow.o)
    0x08004b68   0x08004b68   0x00000008   Data   RO         3847    .constdata          m_ws.l(qnan.o)
    0x08004b70   0x08004b70   0x00000020   Data   RO         3899    Region$$Table       anon$$obj.o


    Execution Region RW_IRAM1 (Exec base: 0x20000000, Load base: 0x08004b90, Size: 0x00001ca0, Max: 0x00005000, ABSOLUTE, COMPRESSED[0x00000054])

    Exec Addr    Load Addr    Size         Type   Attr      Idx    E Section Name        Object

    0x20000000   COMPRESSED   0x000001a8   Data   RW           42    .data               main.o
    0x200001a8   COMPRESSED   0x0000000c   Data   RW         2624    .data               stm32f1xx_hal.o
    0x200001b4   COMPRESSED   0x00000004   Data   RW         3496    .data               system_stm32f1xx.o
    0x200001b8   COMPRESSED   0x00000004   Data   RW         3882    .data               mc_w.l(errno.o)
    0x200001bc        -       0x0000160c   Zero   RW           41    .bss                main.o
    0x200017c8        -       0x00000054   Zero   RW          347    .bss                i2c.o
    0x2000181c        -       0x00000040   Zero   RW          426    .bss                tim.o
    0x2000185c        -       0x00000040   Zero   RW          533    .bss                usart.o
    0x2000189c   COMPRESSED   0x00000004   PAD
    0x200018a0        -       0x00000400   Zero   RW            1    STACK               startup_stm32f103xb.o


==============================================================================

Image component sizes


      Code (inc. data)   RO Data    RW Data    ZI Data      Debug   Object Name

       304         16          0          0          0       1027   gpio.o
       692         58          0          0         84       4429   i2c.o
      1032        146          0        424       5644     452222   main.o
      1208         68          0          0          0      10699   motor.o
        36          8        236          0       1024        828   startup_stm32f103xb.o
       164         28          0         12          0       6113   stm32f1xx_hal.o
       194         14          0          0          0      25871   stm32f1xx_hal_cortex.o
       152          4          0          0          0       1151   stm32f1xx_hal_dma.o
       484         34          0          0          0       4196   stm32f1xx_hal_gpio.o
      3258         56          0          0          0      21160   stm32f1xx_hal_i2c.o
        68         10          0          0          0        898   stm32f1xx_hal_msp.o
      1292         96          0          0          0       5504   stm32f1xx_hal_rcc.o
      1642         44          0          0          0      17421   stm32f1xx_hal_tim.o
       174          0          0          0          0       3294   stm32f1xx_hal_tim_ex.o
       466          4          0          0          0       1980   stm32f1xx_hal_uart.o
        68         24          0          0          0       5834   stm32f1xx_it.o
       280         10       1612          0          0       3113   submachine.o
        72         16         24          4          0       1235   system_stm32f1xx.o
       928         38          0          0         64       7221   tim.o
       172         26          0          0         64       1734   usart.o

    ----------------------------------------------------------------------
     12714        700       1908        440       6884     575930   Object Totals
         0          0         32          0          0          0   (incl. Generated)
        28          0          4          0          4          0   (incl. Padding)

    ----------------------------------------------------------------------

      Code (inc. data)   RO Data    RW Data    ZI Data      Debug   Library Member Name

        62         10          0          0          0        340   dunder.o
        40          0          0          0          0         68   fpclassify.o
       170          0          0          0          0         96   poly.o
      2520        190        136          0          0        324   pow.o
         0          0          8          0          0          0   qnan.o
        76          0          0          0          0         84   sqrt.o
        86          0          0          0          0          0   __dczerorl2.o
         0          0          0          0          0          0   entry.o
         0          0          0          0          0          0   entry10a.o
         0          0          0          0          0          0   entry11a.o
         8          4          0          0          0          0   entry2.o
         4          0          0          0          0          0   entry5.o
         0          0          0          0          0          0   entry7b.o
         0          0          0          0          0          0   entry8b.o
         8          4          0          0          0          0   entry9a.o
        12          6          0          4          0         68   errno.o
        30          0          0          0          0          0   handlers.o
        36          8          0          0          0         68   init.o
         0          0          0          0          0          0   iusefp.o
        30          0          0          0          0         68   llshl.o
        36          0          0          0          0         68   llsshr.o
        32          0          0          0          0         68   llushr.o
        36          0          0          0          0         68   memcpya.o
        36          0          0          0          0        108   memseta.o
        28          0          0          0          0         76   strcmp.o
        48          0          0          0          0         68   cdrcmple.o
       334          0          0          0          0        148   dadd.o
       222          0          0          0          0        100   ddiv.o
       186          0          0          0          0        176   depilogue.o
        62          0          0          0          0         80   dfixi.o
        34          0          0          0          0         76   dflti.o
       228          0          0          0          0         96   dmul.o
        46          0          0          0          0         80   dscalb.o
       162          0          0          0          0        100   dsqrt.o

    ----------------------------------------------------------------------
      4578        222        144          4          0       2428   Library Totals
         6          0          0          0          0          0   (incl. Padding)

    ----------------------------------------------------------------------

      Code (inc. data)   RO Data    RW Data    ZI Data      Debug   Library Name

      2868        200        144          0          0        912   m_ws.l
       382         22          0          4          0        592   mc_w.l
      1322          0          0          0          0        924   mf_w.l

    ----------------------------------------------------------------------
      4578        222        144          4          0       2428   Library Totals

    ----------------------------------------------------------------------

==============================================================================


      Code (inc. data)   RO Data    RW Data    ZI Data      Debug   

     17292        922       2052        444       6884     569958   Grand Totals
     17292        922       2052         84       6884     569958   ELF Image Totals (compressed)
     17292        922       2052         84          0          0   ROM Totals

==============================================================================

    Total RO  Size (Code + RO Data)                19344 (  18.89kB)
    Total RW  Size (RW Data + ZI Data)              7328 (   7.16kB)
    Total ROM Size (Code + RO Data + RW Data)      19428 (  18.97kB)

==============================================================================

